Component: ARM Compiler 5.06 update 6 (build 750) Tool: armlink [4d35ed]

==============================================================================

Section Cross References

    main.o(i.EINT3_IRQHandler) refers to main.o(.data) for state
    main.o(i.SysTick_Handler) refers to buttons_open1768.o(i.Buttons_GetState) for Buttons_GetState
    main.o(i.SysTick_Handler) refers to main.o(.data) for msTicks
    main.o(i.fill) refers to open1768_lcd.o(i.lcdWriteReg) for lcdWriteReg
    main.o(i.fill) refers to open1768_lcd.o(i.lcdSetCursor) for lcdSetCursor
    main.o(i.fill) refers to open1768_lcd.o(i.lcdWriteIndex) for lcdWriteIndex
    main.o(i.fill) refers to open1768_lcd.o(i.lcdWriteData) for lcdWriteData
    main.o(i.main) refers to _printf_percent.o(.ARM.Collect$$_printf_percent$$00000000) for _printf_percent
    main.o(i.main) refers to _printf_d.o(.ARM.Collect$$_printf_percent$$00000009) for _printf_d
    main.o(i.main) refers to _printf_dec.o(.text) for _printf_int_dec
    main.o(i.main) refers to open1768_lcd.o(i.lcdConfiguration) for lcdConfiguration
    main.o(i.main) refers to lcd_ili9325.o(i.init_ILI9325) for init_ILI9325
    main.o(i.main) refers to tp_open1768.o(i.touchpanelInit) for touchpanelInit
    main.o(i.main) refers to main.o(i.myUART_Thread) for myUART_Thread
    main.o(i.main) refers to main.o(i.fill) for fill
    main.o(i.main) refers to rt_memcpy_w.o(.text) for __aeabi_memcpy4
    main.o(i.main) refers to rt_memclr_w.o(.text) for __aeabi_memclr4
    main.o(i.main) refers to display.o(i.WriteChar) for WriteChar
    main.o(i.main) refers to main.o(i.wait) for wait
    main.o(i.main) refers to battleship.o(i.player_init) for player_init
    main.o(i.main) refers to battleship.o(i.ship_defs) for ship_defs
    main.o(i.main) refers to tp_open1768.o(i.touchpanelGetXY) for touchpanelGetXY
    main.o(i.main) refers to main.o(i.insideTouchArea) for insideTouchArea
    main.o(i.main) refers to noretval__2sprintf.o(.text) for __2sprintf
    main.o(i.main) refers to calibration.o(i.calib_calculate) for calib_calculate
    main.o(i.main) refers to display.o(i.draw_gameboard) for draw_gameboard
    main.o(i.main) refers to calibration.o(i.calib_transform) for calib_transform
    main.o(i.main) refers to display.o(i.draw_ship) for draw_ship
    main.o(i.main) refers to system_lpc17xx.o(.data) for SystemCoreClock
    main.o(i.main) refers to main.o(.data) for USARTdrv
    main.o(i.main) refers to main.o(.constdata) for .constdata
    main.o(i.myUART_Thread) refers to main.o(.data) for USARTdrv
    main.o(i.wait) refers to main.o(.data) for msTicks
    main.o(.data) refers to uart_lpc17xx.o(.constdata) for Driver_USART1
    display.o(i.WriteChar) refers to asciilib.o(i.GetASCIICode) for GetASCIICode
    display.o(i.WriteChar) refers to open1768_lcd.o(i.lcdSetCursor) for lcdSetCursor
    display.o(i.WriteChar) refers to open1768_lcd.o(i.lcdWriteIndex) for lcdWriteIndex
    display.o(i.WriteChar) refers to open1768_lcd.o(i.lcdWriteData) for lcdWriteData
    display.o(i.draw_gameboard) refers to display.o(i.draw_line) for draw_line
    display.o(i.draw_line) refers to open1768_lcd.o(i.lcdSetCursor) for lcdSetCursor
    display.o(i.draw_line) refers to open1768_lcd.o(i.lcdWriteReg) for lcdWriteReg
    display.o(i.draw_ship) refers to open1768_lcd.o(i.lcdWriteReg) for lcdWriteReg
    display.o(i.draw_ship) refers to display.o(i.fill_rectangle) for fill_rectangle
    display.o(i.fill_rectangle) refers to open1768_lcd.o(i.lcdWriteReg) for lcdWriteReg
    display.o(i.fill_rectangle) refers to open1768_lcd.o(i.lcdSetCursor) for lcdSetCursor
    display.o(i.fill_rectangle) refers to open1768_lcd.o(i.lcdWriteIndex) for lcdWriteIndex
    display.o(i.fill_rectangle) refers to open1768_lcd.o(i.lcdWriteData) for lcdWriteData
    lcd_ili9325.o(i.init_ILI9325) refers to open1768_lcd.o(i.lcdWriteReg) for lcdWriteReg
    lcd_ili9325.o(i.init_ILI9325) refers to lcd_ili9325.o(i.delay_ms) for delay_ms
    asciilib.o(i.GetASCIICode) refers to rt_memcpy_v6.o(.text) for __aeabi_memcpy
    asciilib.o(i.GetASCIICode) refers to asciilib.o(.constdata) for AsciiLib
    open1768_lcd.o(i.lcdRead) refers to open1768_lcd.o(i.wait_delay) for wait_delay
    open1768_lcd.o(i.lcdReadData) refers to open1768_lcd.o(i.wait_delay) for wait_delay
    open1768_lcd.o(i.lcdReadData) refers to open1768_lcd.o(i.lcdRead) for lcdRead
    open1768_lcd.o(i.lcdReadReg) refers to open1768_lcd.o(i.lcdWriteIndex) for lcdWriteIndex
    open1768_lcd.o(i.lcdReadReg) refers to open1768_lcd.o(i.lcdReadData) for lcdReadData
    open1768_lcd.o(i.lcdSetCursor) refers to open1768_lcd.o(i.lcdWriteReg) for lcdWriteReg
    open1768_lcd.o(i.lcdWriteData) refers to open1768_lcd.o(i.lcdSend) for lcdSend
    open1768_lcd.o(i.lcdWriteData) refers to open1768_lcd.o(i.wait_delay) for wait_delay
    open1768_lcd.o(i.lcdWriteIndex) refers to open1768_lcd.o(i.lcdSend) for lcdSend
[...]
    libshutdown.o(.ARM.Collect$$libshutdown$$00000000) refers (Special) to libshutdown2.o(.ARM.Collect$$libshutdown$$00000004) for __rt_lib_shutdown_stdio_1
    libshutdown.o(.ARM.Collect$$libshutdown$$00000000) refers (Special) to libshutdown2.o(.ARM.Collect$$libshutdown$$0000000C) for __rt_lib_shutdown_user_alloc_1
    sys_command.o(.text) refers (Special) to use_no_semi.o(.text) for __I$use$semihosting
    sys_command.o(.text) refers (Special) to indicate_semi.o(.text) for __semihosting_library_function
    defsig_abrt_inner.o(.text) refers to defsig_general.o(.text) for __default_signal_display
    defsig_rtred_inner.o(.text) refers to defsig_general.o(.text) for __default_signal_display
    defsig_rtmem_inner.o(.text) refers to defsig_general.o(.text) for __default_signal_display
    defsig_rtmem_outer.o(.text) refers to defsig_rtmem_inner.o(.text) for __rt_SIGRTMEM_inner
    defsig_rtmem_outer.o(.text) refers to defsig_exit.o(.text) for __sig_exit
    defsig_rtmem_formal.o(.text) refers to rt_raise.o(.text) for __rt_raise
    defsig_stak_inner.o(.text) refers to defsig_general.o(.text) for __default_signal_display
    defsig_pvfn_inner.o(.text) refers to defsig_general.o(.text) for __default_signal_display
    defsig_cppl_inner.o(.text) refers to defsig_general.o(.text) for __default_signal_display
    defsig_segv_inner.o(.text) refers to defsig_general.o(.text) for __default_signal_display
    defsig_other.o(.text) refers to defsig_general.o(.text) for __default_signal_display


==============================================================================

Removing Unused input sections from the image.

    Removing main.o(.rev16_text), (4 bytes).
    Removing main.o(.revsh_text), (4 bytes).
    Removing main.o(.rrx_text), (6 bytes).
    Removing main.o(i.TouchToLCD), (36 bytes).
    Removing display.o(.rev16_text), (4 bytes).
    Removing display.o(.revsh_text), (4 bytes).
    Removing display.o(.rrx_text), (6 bytes).
    Removing display.o(i.which_cell), (2 bytes).
    Removing lcd_ili9325.o(.rev16_text), (4 bytes).
    Removing lcd_ili9325.o(.revsh_text), (4 bytes).
    Removing lcd_ili9325.o(.rrx_text), (6 bytes).
    Removing open1768_lcd.o(.rev16_text), (4 bytes).
    Removing open1768_lcd.o(.revsh_text), (4 bytes).
    Removing open1768_lcd.o(.rrx_text), (6 bytes).
    Removing open1768_lcd.o(i.lcdRead), (76 bytes).
    Removing open1768_lcd.o(i.lcdReadData), (56 bytes).
    Removing open1768_lcd.o(i.lcdReadReg), (20 bytes).
    Removing tp_open1768.o(.rev16_text), (4 bytes).
    Removing tp_open1768.o(.revsh_text), (4 bytes).
    Removing tp_open1768.o(.rrx_text), (6 bytes).
    Removing calibration.o(i.avg_touch_xy), (44 bytes).
    Removing buttons_open1768.o(.rev16_text), (4 bytes).
    Removing buttons_open1768.o(.revsh_text), (4 bytes).
    Removing buttons_open1768.o(.rrx_text), (6 bytes).
    Removing buttons_open1768.o(i.Buttons_GetCount), (4 bytes).
    Removing buttons_open1768.o(i.Buttons_Initialize), (72 bytes).
    Removing buttons_open1768.o(i.Buttons_Uninitialize), (48 bytes).
    Removing uart_lpc17xx.o(.rev16_text), (4 bytes).
    Removing uart_lpc17xx.o(.revsh_text), (4 bytes).
    Removing uart_lpc17xx.o(.rrx_text), (6 bytes).
    Removing gpdma_lpc17xx.o(.rev16_text), (4 bytes).
    Removing gpdma_lpc17xx.o(.revsh_text), (4 bytes).
    Removing gpdma_lpc17xx.o(.rrx_text), (6 bytes).
    Removing gpdma_lpc17xx.o(i.GPDMA_ChannelEnable), (60 bytes).
    Removing gpdma_lpc17xx.o(i.GPDMA_ChannelGetStatus), (36 bytes).
    Removing gpio_lpc17xx.o(.rev16_text), (4 bytes).
    Removing gpio_lpc17xx.o(.revsh_text), (4 bytes).
    Removing gpio_lpc17xx.o(.rrx_text), (6 bytes).
    Removing gpio_lpc17xx.o(i.GPIO_PinWrite), (40 bytes).
    Removing gpio_lpc17xx.o(i.GPIO_PortClock), (44 bytes).
    Removing gpio_lpc17xx.o(i.GPIO_PortRead), (20 bytes).
    Removing gpio_lpc17xx.o(i.GPIO_PortWrite), (32 bytes).
    Removing gpio_lpc17xx.o(i.GPIO_SetDir), (56 bytes).
    Removing pin_lpc17xx.o(.rev16_text), (4 bytes).
    Removing pin_lpc17xx.o(.revsh_text), (4 bytes).
    Removing pin_lpc17xx.o(.rrx_text), (6 bytes).
    Removing pin_lpc17xx.o(i.PIN_ConfigureI2C0Pins), (32 bytes).
    Removing pin_lpc17xx.o(i.PIN_ConfigureTPIU), (40 bytes).
    Removing system_lpc17xx.o(.rev16_text), (4 bytes).
    Removing system_lpc17xx.o(.revsh_text), (4 bytes).
    Removing system_lpc17xx.o(.rrx_text), (6 bytes).
    Removing system_lpc17xx.o(i.SystemCoreClockUpdate), (424 bytes).

52 unused section(s) (total 1296 bytes) removed from the image.

==============================================================================

Image Symbol Table

    Local Symbols

    Symbol Name                              Value     Ov Type        Size  Object(Section)

    RESET                                    0x00000000   Section      204  startup_lpc17xx.o(RESET)
    ../clib/angel/boardlib.s                 0x00000000   Number         0  boardinit3.o ABSOLUTE
    ../clib/angel/boardlib.s                 0x00000000   Number         0  boardshut.o ABSOLUTE
    ../clib/angel/boardlib.s                 0x00000000   Number         0  boardinit2.o ABSOLUTE
    ../clib/angel/boardlib.s                 0x00000000   Number         0  boardinit1.o ABSOLUTE
    ../clib/angel/handlers.s                 0x00000000   Number         0  __scatter_copy.o ABSOLUTE
    ../clib/angel/handlers.s                 0x00000000   Number         0  __scatter_zi.o ABSOLUTE
    ../clib/angel/kernel.s                   0x00000000   Number         0  __rtentry2.o ABSOLUTE
    ../clib/angel/kernel.s                   0x00000000   Number         0  __rtentry.o ABSOLUTE
    ../clib/angel/kernel.s                   0x00000000   Number         0  rtexit2.o ABSOLUTE
    ../clib/angel/kernel.s                   0x00000000   Number         0  rtexit.o ABSOLUTE
    ../clib/angel/kernel.s                   0x00000000   Number         0  __rtentry4.o ABSOLUTE
    ../clib/angel/rt.s                       0x00000000   Number         0  rt_raise.o ABSOLUTE
    ../clib/angel/rt.s                       0x00000000   Number         0  aeabi_ldiv0.o ABSOLUTE
    ../clib/angel/rt.s                       0x00000000   Number         0  aeabi_ldiv0_sigfpe.o ABSOLUTE
    ../clib/angel/rt.s                       0x00000000   Number         0  rt_div0.o ABSOLUTE
    ../clib/angel/scatter.s                  0x00000000   Number         0  __scatter.o ABSOLUTE
    ../clib/angel/startup.s                  0x00000000   Number         0  __main.o ABSOLUTE
    ../clib/angel/sys.s                      0x00000000   Number         0  libspace.o ABSOLUTE
    ../clib/angel/sys.s                      0x00000000   Number         0  sys_stackheap_outer.o ABSOLUTE
    ../clib/angel/sys.s                      0x00000000   Number         0  use_no_semi.o ABSOLUTE
    ../clib/angel/sys.s                      0x00000000   Number         0  indicate_semi.o ABSOLUTE
    ../clib/angel/sysapp.c                   0x00000000   Number         0  sys_command.o ABSOLUTE
    ../clib/angel/sysapp.c                   0x00000000   Number         0  sys_wrch.o ABSOLUTE
    ../clib/angel/sysapp.c                   0x00000000   Number         0  sys_exit.o ABSOLUTE
    ../clib/armsys.c                         0x00000000   Number         0  argv_veneer.o ABSOLUTE
    ../clib/armsys.c                         0x00000000   Number         0  argv_veneer.o ABSOLUTE
    ../clib/armsys.c                         0x00000000   Number         0  no_argv.o ABSOLUTE
    ../clib/armsys.c                         0x00000000   Number         0  _get_argv_nomalloc.o ABSOLUTE
    ../clib/heapalloc.c                      0x00000000   Number         0  hrguard.o ABSOLUTE
    ../clib/heapaux.c                        0x00000000   Number         0  heapauxi.o ABSOLUTE
    ../clib/libinit.s                        0x00000000   Number         0  libshutdown2.o ABSOLUTE
    ../clib/libinit.s                        0x00000000   Number         0  libinit.o ABSOLUTE
    ../clib/libinit.s                        0x00000000   Number         0  libshutdown.o ABSOLUTE
    ../clib/libinit.s                        0x00000000   Number         0  libinit2.o ABSOLUTE
    ../clib/longlong.s                       0x00000000   Number         0  lludivv7m.o ABSOLUTE
    ../clib/memcpset.s                       0x00000000   Number         0  rt_memcpy_v6.o ABSOLUTE
    ../clib/memcpset.s                       0x00000000   Number         0  rt_memcpy_w.o ABSOLUTE
    ../clib/memcpset.s                       0x00000000   Number         0  rt_memclr_w.o ABSOLUTE
    ../clib/printf.c                         0x00000000   Number         0  __2sprintf.o ABSOLUTE
    ../clib/printf.c                         0x00000000   Number         0  noretval__2sprintf.o ABSOLUTE
    ../clib/printf.c                         0x00000000   Number         0  __printf.o ABSOLUTE
    ../clib/printf.c                         0x00000000   Number         0  _printf_intcommon.o ABSOLUTE
    ../clib/printf.c                         0x00000000   Number         0  __printf_flags_wp.o ABSOLUTE
    ../clib/printf.c                         0x00000000   Number         0  __printf_wp.o ABSOLUTE
    ../clib/printf.c                         0x00000000   Number         0  __printf_ss_wp.o ABSOLUTE
    ../clib/printf.c                         0x00000000   Number         0  __printf_flags_ss_wp.o ABSOLUTE
    ../clib/printf.c                         0x00000000   Number         0  __printf_flags.o ABSOLUTE
    ../clib/printf.c                         0x00000000   Number         0  __printf_ss.o ABSOLUTE
    ../clib/printf.c                         0x00000000   Number         0  __printf_nopercent.o ABSOLUTE
    ../clib/printf.c                         0x00000000   Number         0  _printf_char_common.o ABSOLUTE
    ../clib/printf.c                         0x00000000   Number         0  __printf_flags_ss.o ABSOLUTE
    ../clib/printf.c                         0x00000000   Number         0  _sputc.o ABSOLUTE
    ../clib/printf.c                         0x00000000   Number         0  _printf_dec.o ABSOLUTE
    ../clib/printf_percent.s                 0x00000000   Number         0  _printf_percent.o ABSOLUTE
    ../clib/printf_percent.s                 0x00000000   Number         0  _printf_d.o ABSOLUTE
    ../clib/printf_percent.s                 0x00000000   Number         0  _printf_percent_end.o ABSOLUTE
    ../clib/signal.c                         0x00000000   Number         0  defsig_other.o ABSOLUTE
    ../clib/signal.c                         0x00000000   Number         0  defsig_segv_inner.o ABSOLUTE
    ../clib/signal.c                         0x00000000   Number         0  defsig_cppl_inner.o ABSOLUTE
    ../clib/signal.c                         0x00000000   Number         0  defsig_pvfn_inner.o ABSOLUTE
    ../clib/signal.c                         0x00000000   Number         0  defsig_stak_inner.o ABSOLUTE
    ../clib/signal.c                         0x00000000   Number         0  defsig_rtmem_formal.o ABSOLUTE
    ../clib/signal.c                         0x00000000   Number         0  defsig_rtmem_outer.o ABSOLUTE
    ../clib/signal.c                         0x00000000   Number         0  defsig_rtmem_inner.o ABSOLUTE
    ../clib/signal.c                         0x00000000   Number         0  defsig_rtred_inner.o ABSOLUTE
    ../clib/signal.c                         0x00000000   Number         0  defsig_abrt_inner.o ABSOLUTE
    ../clib/signal.c                         0x00000000   Number         0  defsig_general.o ABSOLUTE
    ../clib/signal.c                         0x00000000   Number         0  __raise.o ABSOLUTE
    ../clib/signal.c                         0x00000000   Number         0  defsig_exit.o ABSOLUTE
    ../clib/signal.c                         0x00000000   Number         0  defsig_fpe_formal.o ABSOLUTE
    ../clib/signal.c                         0x00000000   Number         0  defsig_fpe_outer.o ABSOLUTE
    ../clib/signal.c                         0x00000000   Number         0  defsig_fpe_inner.o ABSOLUTE
    ../clib/signal.s                         0x00000000   Number         0  defsig.o ABSOLUTE
    ../clib/stdlib.c                         0x00000000   Number         0  exit.o ABSOLUTE
    ../fplib/faddsub.s                       0x00000000   Number         0  faddsub_clz.o ABSOLUTE
    ../fplib/fdiv.s                          0x00000000   Number         0  fdiv.o ABSOLUTE
    ../fplib/ffix.s                          0x00000000   Number         0  ffix.o ABSOLUTE
    ../fplib/fflt.s                          0x00000000   Number         0  fflt_clz.o ABSOLUTE
    ../fplib/fmul.s                          0x00000000   Number         0  fmul.o ABSOLUTE
    ../fplib/fnaninf.s                       0x00000000   Number         0  fnaninf.o ABSOLUTE
    ../fplib/fpinit.s                        0x00000000   Number         0  fpinit.o ABSOLUTE
    ../fplib/fretinf.s                       0x00000000   Number         0  fretinf.o ABSOLUTE
    ../fplib/usenofp.s                       0x00000000   Number         0  usenofp.o ABSOLUTE
    C:\Keil_v5\ARM\PACK\Keil\LPC1700_DFP\2.6.1\Boards\Waveshare\Open1768\Common\Buttons_Open1768.c 0x00000000   Number         0  buttons_open1768.o ABSOLUTE
    C:\Keil_v5\ARM\PACK\Keil\LPC1700_DFP\2.6.1\RTE_Driver\GPDMA_LPC17xx.c 0x00000000   Number         0  gpdma_lpc17xx.o ABSOLUTE
    C:\Keil_v5\ARM\PACK\Keil\LPC1700_DFP\2.6.1\RTE_Driver\GPIO_LPC17xx.c 0x00000000   Number         0  gpio_lpc17xx.o ABSOLUTE
    C:\Keil_v5\ARM\PACK\Keil\LPC1700_DFP\2.6.1\RTE_Driver\PIN_LPC17xx.c 0x00000000   Number         0  pin_lpc17xx.o ABSOLUTE
    C:\Keil_v5\ARM\PACK\Keil\LPC1700_DFP\2.6.1\RTE_Driver\UART_LPC17xx.c 0x00000000   Number         0  uart_lpc17xx.o ABSOLUTE
    C:\\Keil_v5\\ARM\\PACK\\Keil\\LPC1700_DFP\\2.6.1\\Boards\\Waveshare\\Open1768\\Common\\Buttons_Open1768.c 0x00000000   Number         0  buttons_open1768.o ABSOLUTE
    C:\\Keil_v5\\ARM\\PACK\\Keil\\LPC1700_DFP\\2.6.1\\RTE_Driver\\GPDMA_LPC17xx.c 0x00000000   Number         0  gpdma_lpc17xx.o ABSOLUTE
    C:\\Keil_v5\\ARM\\PACK\\Keil\\LPC1700_DFP\\2.6.1\\RTE_Driver\\GPIO_LPC17xx.c 0x00000000   Number         0  gpio_lpc17xx.o ABSOLUTE
    C:\\Keil_v5\\ARM\\PACK\\Keil\\LPC1700_DFP\\2.6.1\\RTE_Driver\\PIN_LPC17xx.c 0x00000000   Number         0  pin_lpc17xx.o ABSOLUTE
    C:\\Keil_v5\\ARM\\PACK\\Keil\\LPC1700_DFP\\2.6.1\\RTE_Driver\\UART_LPC17xx.c 0x00000000   Number         0  uart_lpc17xx.o ABSOLUTE
    RTE\Device\LPC1768\startup_LPC17xx.s     0x00000000   Number         0  startup_lpc17xx.o ABSOLUTE
    RTE\Device\LPC1768\system_LPC17xx.c      0x00000000   Number         0  system_lpc17xx.o ABSOLUTE
    RTE\\Device\\LPC1768\\system_LPC17xx.c   0x00000000   Number         0  system_lpc17xx.o ABSOLUTE
    calibration.c                            0x00000000   Number         0  calibration.o ABSOLUTE
    dc.s                                     0x00000000   Number         0  dc.o ABSOLUTE
    display.c                                0x00000000   Number         0  display.o ABSOLUTE
    display.c                                0x00000000   Number         0  display.o ABSOLUTE
    game_logic\battleship.c                  0x00000000   Number         0  battleship.o ABSOLUTE
    lcd_lib\LCD_ILI9325.c                    0x00000000   Number         0  lcd_ili9325.o ABSOLUTE
    lcd_lib\Open1768_LCD.c                   0x00000000   Number         0  open1768_lcd.o ABSOLUTE
    lcd_lib\\LCD_ILI9325.c                   0x00000000   Number         0  lcd_ili9325.o ABSOLUTE
    lcd_lib\\Open1768_LCD.c                  0x00000000   Number         0  open1768_lcd.o ABSOLUTE
    lcd_lib\asciiLib.c                       0x00000000   Number         0  asciilib.o ABSOLUTE
    main.c                                   0x00000000   Number         0  main.o ABSOLUTE
    main.c                                   0x00000000   Number         0  main.o ABSOLUTE
    tp_lib\TP_Open1768.c                     0x00000000   Number         0  tp_open1768.o ABSOLUTE
    tp_lib\\TP_Open1768.c                    0x00000000   Number         0  tp_open1768.o ABSOLUTE
    !!!main                                  0x000000cc   Section        8  __main.o(!!!main)
    !!!scatter                               0x000000d4   Section       52  __scatter.o(!!!scatter)
    !!handler_copy                           0x00000108   Section       26  __scatter_copy.o(!!handler_copy)
    !!handler_zi                             0x00000124   Section       28  __scatter_zi.o(!!handler_zi)
    .ARM.Collect$$_printf_percent$$00000000  0x00000140   Section        0  _printf_percent.o(.ARM.Collect$$_printf_percent$$00000000)
    .ARM.Collect$$_printf_percent$$00000009  0x00000140   Section        6  _printf_d.o(.ARM.Collect$$_printf_percent$$00000009)
    .ARM.Collect$$_printf_percent$$00000017  0x00000146   Section        4  _printf_percent_end.o(.ARM.Collect$$_printf_percent$$00000017)
    .ARM.Collect$$libinit$$00000000          0x0000014a   Section        2  libinit.o(.ARM.Collect$$libinit$$00000000)
    .ARM.Collect$$libinit$$00000002          0x0000014c   Section        0  libinit2.o(.ARM.Collect$$libinit$$00000002)
    .ARM.Collect$$libinit$$00000004          0x0000014c   Section        0  libinit2.o(.ARM.Collect$$libinit$$00000004)
    .ARM.Collect$$libinit$$0000000A          0x0000014c   Section        0  libinit2.o(.ARM.Collect$$libinit$$0000000A)
    .ARM.Collect$$libinit$$0000000C          0x0000014c   Section        0  libinit2.o(.ARM.Collect$$libinit$$0000000C)
    .ARM.Collect$$libinit$$0000000E          0x0000014c   Section        0  libinit2.o(.ARM.Collect$$libinit$$0000000E)
    .ARM.Collect$$libinit$$00000011          0x0000014c   Section        0  libinit2.o(.ARM.Collect$$libinit$$00000011)
    .ARM.Collect$$libinit$$00000013          0x0000014c   Section        0  libinit2.o(.ARM.Collect$$libinit$$00000013)
    .ARM.Collect$$libinit$$00000015          0x0000014c   Section        0  libinit2.o(.ARM.Collect$$libinit$$00000015)
    .ARM.Collect$$libinit$$00000017          0x0000014c   Section        0  libinit2.o(.ARM.Collect$$libinit$$00000017)
    .ARM.Collect$$libinit$$00000019          0x0000014c   Section        0  libinit2.o(.ARM.Collect$$libinit$$00000019)
    .ARM.Collect$$libinit$$0000001B          0x0000014c   Section        0  libinit2.o(.ARM.Collect$$libinit$$0000001B)
    .ARM.Collect$$libinit$$0000001D          0x0000014c   Section        0  libinit2.o(.ARM.Collect$$libinit$$0000001D)
    .ARM.Collect$$libinit$$0000001F          0x0000014c   Section        0  libinit2.o(.ARM.Collect$$libinit$$0000001F)
    .ARM.Collect$$libinit$$00000021          0x0000014c   Section        0  libinit2.o(.ARM.Collect$$libinit$$00000021)
    .ARM.Collect$$libinit$$00000023          0x0000014c   Section        0  libinit2.o(.ARM.Collect$$libinit$$00000023)
    .ARM.Collect$$libinit$$00000025          0x0000014c   Section        0  libinit2.o(.ARM.Collect$$libinit$$00000025)
    .ARM.Collect$$libinit$$0000002C          0x0000014c   Section        0  libinit2.o(.ARM.Collect$$libinit$$0000002C)
    .ARM.Collect$$libinit$$0000002E          0x0000014c   Section        0  libinit2.o(.ARM.Collect$$libinit$$0000002E)
    .ARM.Collect$$libinit$$00000030          0x0000014c   Section        0  libinit2.o(.ARM.Collect$$libinit$$00000030)
    .ARM.Collect$$libinit$$00000032          0x0000014c   Section        0  libinit2.o(.ARM.Collect$$libinit$$00000032)
    .ARM.Collect$$libinit$$00000033          0x0000014c   Section        2  libinit2.o(.ARM.Collect$$libinit$$00000033)
    .ARM.Collect$$libshutdown$$00000000      0x0000014e   Section        2  libshutdown.o(.ARM.Collect$$libshutdown$$00000000)
    .ARM.Collect$$libshutdown$$00000002      0x00000150   Section        0  libshutdown2.o(.ARM.Collect$$libshutdown$$00000002)
    .ARM.Collect$$libshutdown$$00000004      0x00000150   Section        0  libshutdown2.o(.ARM.Collect$$libshutdown$$00000004)
    .ARM.Collect$$libshutdown$$00000007      0x00000150   Section        0  libshutdown2.o(.ARM.Collect$$libshutdown$$00000007)
    .ARM.Collect$$libshutdown$$0000000A      0x00000150   Section        0  libshutdown2.o(.ARM.Collect$$libshutdown$$0000000A)
    .ARM.Collect$$libshutdown$$0000000C      0x00000150   Section        0  libshutdown2.o(.ARM.Collect$$libshutdown$$0000000C)
    .ARM.Collect$$libshutdown$$0000000F      0x00000150   Section        0  libshutdown2.o(.ARM.Collect$$libshutdown$$0000000F)
    .ARM.Collect$$libshutdown$$00000010      0x00000150   Section        2  libshutdown2.o(.ARM.Collect$$libshutdown$$00000010)
    .ARM.Collect$$rtentry$$00000000          0x00000152   Section        0  __rtentry.o(.ARM.Collect$$rtentry$$00000000)
    .ARM.Collect$$rtentry$$00000002          0x00000152   Section        0  __rtentry2.o(.ARM.Collect$$rtentry$$00000002)
    .ARM.Collect$$rtentry$$00000004          0x00000152   Section        6  __rtentry4.o(.ARM.Collect$$rtentry$$00000004)
    .ARM.Collect$$rtentry$$00000009          0x00000158   Section        0  __rtentry2.o(.ARM.Collect$$rtentry$$00000009)
    .ARM.Collect$$rtentry$$0000000A          0x00000158   Section        4  __rtentry2.o(.ARM.Collect$$rtentry$$0000000A)
    .ARM.Collect$$rtentry$$0000000C          0x0000015c   Section        0  __rtentry2.o(.ARM.Collect$$rtentry$$0000000C)
    .ARM.Collect$$rtentry$$0000000D          0x0000015c   Section        8  __rtentry2.o(.ARM.Collect$$rtentry$$0000000D)
    .ARM.Collect$$rtexit$$00000000           0x00000164   Section        2  rtexit.o(.ARM.Collect$$rtexit$$00000000)
    .ARM.Collect$$rtexit$$00000002           0x00000166   Section        0  rtexit2.o(.ARM.Collect$$rtexit$$00000002)
    .ARM.Collect$$rtexit$$00000003           0x00000166   Section        4  rtexit2.o(.ARM.Collect$$rtexit$$00000003)
    .ARM.Collect$$rtexit$$00000004           0x0000016a   Section        6  rtexit2.o(.ARM.Collect$$rtexit$$00000004)
    .text                                    0x00000170   Section       60  startup_lpc17xx.o(.text)
    .text                                    0x000001ac   Section      238  lludivv7m.o(.text)
    .text                                    0x0000029c   Section        0  noretval__2sprintf.o(.text)
    .text                                    0x000002c4   Section        0  heapauxi.o(.text)
    .text                                    0x000002cc   Section        0  _printf_char_common.o(.text)
    _printf_input_char                       0x000002cd   Thumb Code    10  _printf_char_common.o(.text)
    .ARM.__at_0x02FC                         0x000002fc   Section        4  startup_lpc17xx.o(.ARM.__at_0x02FC)
    .text                                    0x00000300   Section        0  __printf.o(.text)
    .text                                    0x00000368   Section        0  _printf_dec.o(.text)
    .text                                    0x000003e0   Section      138  rt_memcpy_v6.o(.text)
    .text                                    0x0000046a   Section      100  rt_memcpy_w.o(.text)
    .text                                    0x000004ce   Section       78  rt_memclr_w.o(.text)
    .text                                    0x0000051c   Section        0  _printf_intcommon.o(.text)
    .text                                    0x000005ce   Section        0  _sputc.o(.text)
    .text                                    0x000005d8   Section       74  sys_stackheap_outer.o(.text)
    .text                                    0x00000622   Section        0  exit.o(.text)
    .text                                    0x00000634   Section        8  libspace.o(.text)
    .text                                    0x0000063c   Section        0  sys_exit.o(.text)
    .text                                    0x00000648   Section        2  use_no_semi.o(.text)
    .text                                    0x0000064a   Section        0  indicate_semi.o(.text)
    i.Buttons_GetState                       0x0000064c   Section        0  buttons_open1768.o(i.Buttons_GetState)
    i.Clear_Channel_active_flag              0x0000067c   Section        0  gpdma_lpc17xx.o(i.Clear_Channel_active_flag)
    Clear_Channel_active_flag                0x0000067d   Thumb Code    28  gpdma_lpc17xx.o(i.Clear_Channel_active_flag)
    i.DMA_IRQHandler                         0x0000069c   Section        0  gpdma_lpc17xx.o(i.DMA_IRQHandler)
    i.EINT3_IRQHandler                       0x0000081c   Section        0  main.o(i.EINT3_IRQHandler)
    i.GPDMA_ChannelConfigure                 0x00000874   Section        0  gpdma_lpc17xx.o(i.GPDMA_ChannelConfigure)
    i.GPDMA_ChannelDisable                   0x00000968   Section        0  gpdma_lpc17xx.o(i.GPDMA_ChannelDisable)
    i.GPDMA_ChannelGetCount                  0x00000998   Section        0  gpdma_lpc17xx.o(i.GPDMA_ChannelGetCount)
    i.GPDMA_Initialize                       0x000009c8   Section        0  gpdma_lpc17xx.o(i.GPDMA_Initialize)
    i.GPDMA_PeripheralSelect                 0x00000a70   Section        0  gpdma_lpc17xx.o(i.GPDMA_PeripheralSelect)
    i.GPDMA_Uninitialize                     0x00000ab4   Section        0  gpdma_lpc17xx.o(i.GPDMA_Uninitialize)
    i.GPIO_PinRead                           0x00000b34   Section        0  gpio_lpc17xx.o(i.GPIO_PinRead)
    i.GetASCIICode                           0x00000b54   Section        0  asciilib.o(i.GetASCIICode)
    i.GetUsartClockFreq                      0x00000b80   Section        0  uart_lpc17xx.o(i.GetUsartClockFreq)
    GetUsartClockFreq                        0x00000b81   Thumb Code    62  uart_lpc17xx.o(i.GetUsartClockFreq)
    i.PIN_Configure                          0x00000bc4   Section        0  pin_lpc17xx.o(i.PIN_Configure)
    i.Set_Channel_active_flag                0x00000cc0   Section        0  gpdma_lpc17xx.o(i.Set_Channel_active_flag)
    Set_Channel_active_flag                  0x00000cc1   Thumb Code    50  gpdma_lpc17xx.o(i.Set_Channel_active_flag)
    i.SysTick_Handler                        0x00000cf8   Section        0  main.o(i.SysTick_Handler)
    i.SystemInit                             0x00000d64   Section        0  system_lpc17xx.o(i.SystemInit)
    i.UART1_IRQHandler                       0x00000ea4   Section        0  uart_lpc17xx.o(i.UART1_IRQHandler)
    i.USART1_Control                         0x00000eb4   Section        0  uart_lpc17xx.o(i.USART1_Control)
    USART1_Control                           0x00000eb5   Thumb Code    18  uart_lpc17xx.o(i.USART1_Control)
    i.USART1_GPDMA_Rx_Event                  0x00000ecc   Section        0  uart_lpc17xx.o(i.USART1_GPDMA_Rx_Event)
    i.USART1_GPDMA_Tx_Event                  0x00000ee0   Section        0  uart_lpc17xx.o(i.USART1_GPDMA_Tx_Event)
    i.USART1_GetCapabilities                 0x00000ef4   Section        0  uart_lpc17xx.o(i.USART1_GetCapabilities)
    USART1_GetCapabilities                   0x00000ef5   Thumb Code    12  uart_lpc17xx.o(i.USART1_GetCapabilities)
    i.USART1_GetModemStatus                  0x00000f04   Section        0  uart_lpc17xx.o(i.USART1_GetModemStatus)
    USART1_GetModemStatus                    0x00000f05   Thumb Code    12  uart_lpc17xx.o(i.USART1_GetModemStatus)
    i.USART1_GetRxCount                      0x00000f14   Section        0  uart_lpc17xx.o(i.USART1_GetRxCount)
    USART1_GetRxCount                        0x00000f15   Thumb Code    10  uart_lpc17xx.o(i.USART1_GetRxCount)
    i.USART1_GetStatus                       0x00000f24   Section        0  uart_lpc17xx.o(i.USART1_GetStatus)
    USART1_GetStatus                         0x00000f25   Thumb Code    12  uart_lpc17xx.o(i.USART1_GetStatus)
    i.USART1_GetTxCount                      0x00000f34   Section        0  uart_lpc17xx.o(i.USART1_GetTxCount)
    USART1_GetTxCount                        0x00000f35   Thumb Code    10  uart_lpc17xx.o(i.USART1_GetTxCount)
    i.USART1_Initialize                      0x00000f44   Section        0  uart_lpc17xx.o(i.USART1_Initialize)
    USART1_Initialize                        0x00000f45   Thumb Code    14  uart_lpc17xx.o(i.USART1_Initialize)
    i.USART1_PowerControl                    0x00000f58   Section        0  uart_lpc17xx.o(i.USART1_PowerControl)
    USART1_PowerControl                      0x00000f59   Thumb Code    14  uart_lpc17xx.o(i.USART1_PowerControl)
    i.USART1_Receive                         0x00000f6c   Section        0  uart_lpc17xx.o(i.USART1_Receive)
    USART1_Receive                           0x00000f6d   Thumb Code    18  uart_lpc17xx.o(i.USART1_Receive)
    i.USART1_Send                            0x00000f84   Section        0  uart_lpc17xx.o(i.USART1_Send)
    USART1_Send                              0x00000f85   Thumb Code    18  uart_lpc17xx.o(i.USART1_Send)
    i.USART1_SetModemControl                 0x00000f9c   Section        0  uart_lpc17xx.o(i.USART1_SetModemControl)
    USART1_SetModemControl                   0x00000f9d   Thumb Code    14  uart_lpc17xx.o(i.USART1_SetModemControl)
    i.USART1_Transfer                        0x00000fb0   Section        0  uart_lpc17xx.o(i.USART1_Transfer)
    USART1_Transfer                          0x00000fb1   Thumb Code    22  uart_lpc17xx.o(i.USART1_Transfer)
    i.USART1_Uninitialize                    0x00000fcc   Section        0  uart_lpc17xx.o(i.USART1_Uninitialize)
    USART1_Uninitialize                      0x00000fcd   Thumb Code    10  uart_lpc17xx.o(i.USART1_Uninitialize)
    i.USART_Control                          0x00000fdc   Section        0  uart_lpc17xx.o(i.USART_Control)
    USART_Control                            0x00000fdd   Thumb Code  1644  uart_lpc17xx.o(i.USART_Control)
    i.USART_GPDMA_Rx_Event                   0x0000164c   Section        0  uart_lpc17xx.o(i.USART_GPDMA_Rx_Event)
    USART_GPDMA_Rx_Event                     0x0000164d   Thumb Code   134  uart_lpc17xx.o(i.USART_GPDMA_Rx_Event)
    i.USART_GPDMA_Tx_Event                   0x000016d2   Section        0  uart_lpc17xx.o(i.USART_GPDMA_Tx_Event)
    USART_GPDMA_Tx_Event                     0x000016d3   Thumb Code    74  uart_lpc17xx.o(i.USART_GPDMA_Tx_Event)
    i.USART_GetCapabilities                  0x0000171c   Section        0  uart_lpc17xx.o(i.USART_GetCapabilities)
    USART_GetCapabilities                    0x0000171d   Thumb Code     6  uart_lpc17xx.o(i.USART_GetCapabilities)
    i.USART_GetModemStatus                   0x00001722   Section        0  uart_lpc17xx.o(i.USART_GetModemStatus)
    USART_GetModemStatus                     0x00001723   Thumb Code   236  uart_lpc17xx.o(i.USART_GetModemStatus)
    i.USART_GetRxCount                       0x0000180e   Section        0  uart_lpc17xx.o(i.USART_GetRxCount)
    USART_GetRxCount                         0x0000180f   Thumb Code    28  uart_lpc17xx.o(i.USART_GetRxCount)
    i.USART_GetStatus                        0x0000182a   Section        0  uart_lpc17xx.o(i.USART_GetStatus)
    USART_GetStatus                          0x0000182b   Thumb Code   188  uart_lpc17xx.o(i.USART_GetStatus)
    i.USART_GetTxCount                       0x000018e6   Section        0  uart_lpc17xx.o(i.USART_GetTxCount)
    USART_GetTxCount                         0x000018e7   Thumb Code    28  uart_lpc17xx.o(i.USART_GetTxCount)
    i.USART_IRQHandler                       0x00001902   Section        0  uart_lpc17xx.o(i.USART_IRQHandler)
    USART_IRQHandler                         0x00001903   Thumb Code   624  uart_lpc17xx.o(i.USART_IRQHandler)
    i.USART_Initialize                       0x00001b72   Section        0  uart_lpc17xx.o(i.USART_Initialize)
    USART_Initialize                         0x00001b73   Thumb Code   254  uart_lpc17xx.o(i.USART_Initialize)
    i.USART_PowerControl                     0x00001c70   Section        0  uart_lpc17xx.o(i.USART_PowerControl)
    USART_PowerControl                       0x00001c71   Thumb Code   600  uart_lpc17xx.o(i.USART_PowerControl)
    i.USART_Receive                          0x00001ecc   Section        0  uart_lpc17xx.o(i.USART_Receive)
    USART_Receive                            0x00001ecd   Thumb Code   272  uart_lpc17xx.o(i.USART_Receive)
    i.USART_RxLineIntHandler                 0x00001fdc   Section        0  uart_lpc17xx.o(i.USART_RxLineIntHandler)
    USART_RxLineIntHandler                   0x00001fdd   Thumb Code   104  uart_lpc17xx.o(i.USART_RxLineIntHandler)
    i.USART_Send                             0x00002044   Section        0  uart_lpc17xx.o(i.USART_Send)
    USART_Send                               0x00002045   Thumb Code   412  uart_lpc17xx.o(i.USART_Send)
    i.USART_SetBaudrate                      0x000021e0   Section        0  uart_lpc17xx.o(i.USART_SetBaudrate)
    i.USART_SetModemControl                  0x00002314   Section        0  uart_lpc17xx.o(i.USART_SetModemControl)
    USART_SetModemControl                    0x00002315   Thumb Code   160  uart_lpc17xx.o(i.USART_SetModemControl)
    i.USART_Transfer                         0x000023b4   Section        0  uart_lpc17xx.o(i.USART_Transfer)
    USART_Transfer                           0x000023b5   Thumb Code   122  uart_lpc17xx.o(i.USART_Transfer)
    i.USART_Uninitialize                     0x0000242e   Section        0  uart_lpc17xx.o(i.USART_Uninitialize)
    USART_Uninitialize                       0x0000242f   Thumb Code   226  uart_lpc17xx.o(i.USART_Uninitialize)
    i.USARTx_GetVersion                      0x00002510   Section        0  uart_lpc17xx.o(i.USARTx_GetVersion)
    USARTx_GetVersion                        0x00002511   Thumb Code    10  uart_lpc17xx.o(i.USARTx_GetVersion)
    i.WriteChar                              0x00002520   Section        0  display.o(i.WriteChar)
    i.__NVIC_ClearPendingIRQ                 0x00002588   Section        0  uart_lpc17xx.o(i.__NVIC_ClearPendingIRQ)
    __NVIC_ClearPendingIRQ                   0x00002589   Thumb Code    22  uart_lpc17xx.o(i.__NVIC_ClearPendingIRQ)
    i.__NVIC_ClearPendingIRQ                 0x000025a4   Section        0  gpdma_lpc17xx.o(i.__NVIC_ClearPendingIRQ)
    __NVIC_ClearPendingIRQ                   0x000025a5   Thumb Code    22  gpdma_lpc17xx.o(i.__NVIC_ClearPendingIRQ)
    i.calib_calculate                        0x000025c0   Section        0  calibration.o(i.calib_calculate)
    i.calib_transform                        0x000029bc   Section        0  calibration.o(i.calib_transform)
    i.delay_ms                               0x00002a3a   Section        0  lcd_ili9325.o(i.delay_ms)
    i.draw_gameboard                         0x00002a58   Section        0  display.o(i.draw_gameboard)
    i.draw_line                              0x00002a9c   Section        0  display.o(i.draw_line)
    i.draw_ship                              0x00002b44   Section        0  display.o(i.draw_ship)
    i.fill                                   0x00002bec   Section        0  main.o(i.fill)
    i.fill_rectangle                         0x00002c24   Section        0  display.o(i.fill_rectangle)
    i.init_ILI9325                           0x00002c70   Section        0  lcd_ili9325.o(i.init_ILI9325)
    i.insideTouchArea                        0x00002e44   Section        0  main.o(i.insideTouchArea)
    i.lcdConfiguration                       0x00002e64   Section        0  open1768_lcd.o(i.lcdConfiguration)
    i.lcdSend                                0x00002e8c   Section        0  open1768_lcd.o(i.lcdSend)
    i.lcdSetCursor                           0x00002eb8   Section        0  open1768_lcd.o(i.lcdSetCursor)
    i.lcdWriteData                           0x00002ed0   Section        0  open1768_lcd.o(i.lcdWriteData)
    i.lcdWriteIndex                          0x00002f08   Section        0  open1768_lcd.o(i.lcdWriteIndex)
    i.lcdWriteReg                            0x00002f48   Section        0  open1768_lcd.o(i.lcdWriteReg)
    i.main                                   0x00002f5c   Section        0  main.o(i.main)
    i.myUART_Thread                          0x00003380   Section        0  main.o(i.myUART_Thread)
    i.player_init                            0x000033b0   Section        0  battleship.o(i.player_init)
    i.ship_defs                              0x000033b4   Section        0  battleship.o(i.ship_defs)
    i.touchpanelDelayUS                      0x000033bc   Section        0  tp_open1768.o(i.touchpanelDelayUS)
    touchpanelDelayUS                        0x000033bd   Thumb Code    42  tp_open1768.o(i.touchpanelDelayUS)
    i.touchpanelDriverDataBusInit            0x000033e8   Section        0  tp_open1768.o(i.touchpanelDriverDataBusInit)
    touchpanelDriverDataBusInit              0x000033e9   Thumb Code   140  tp_open1768.o(i.touchpanelDriverDataBusInit)
    i.touchpanelGetXY                        0x00003480   Section        0  tp_open1768.o(i.touchpanelGetXY)
    i.touchpanelInit                         0x000034a4   Section        0  tp_open1768.o(i.touchpanelInit)
    i.touchpanelReadAddress                  0x000034cc   Section        0  tp_open1768.o(i.touchpanelReadAddress)
    touchpanelReadAddress                    0x000034cd   Thumb Code    44  tp_open1768.o(i.touchpanelReadAddress)
    i.touchpanelReadX                        0x000034f8   Section        0  tp_open1768.o(i.touchpanelReadX)
    i.touchpanelReadY                        0x00003528   Section        0  tp_open1768.o(i.touchpanelReadY)
    i.touchpanelWriteCmd                     0x00003558   Section        0  tp_open1768.o(i.touchpanelWriteCmd)
    touchpanelWriteCmd                       0x00003559   Thumb Code    56  tp_open1768.o(i.touchpanelWriteCmd)
    i.wait                                   0x00003594   Section        0  main.o(i.wait)
    i.wait_delay                             0x000035ac   Section        0  open1768_lcd.o(i.wait_delay)
    x$fpl$fadd                               0x000035c0   Section      196  faddsub_clz.o(x$fpl$fadd)
    _fadd1                                   0x000035cf   Thumb Code     0  faddsub_clz.o(x$fpl$fadd)
    x$fpl$fdiv                               0x00003684   Section      388  fdiv.o(x$fpl$fdiv)
    _fdiv1                                   0x00003685   Thumb Code     0  fdiv.o(x$fpl$fdiv)
    x$fpl$ffix                               0x00003808   Section       54  ffix.o(x$fpl$ffix)
    x$fpl$fflt                               0x00003840   Section       48  fflt_clz.o(x$fpl$fflt)
    x$fpl$fmul                               0x00003870   Section      258  fmul.o(x$fpl$fmul)
    x$fpl$fnaninf                            0x00003972   Section      140  fnaninf.o(x$fpl$fnaninf)
    x$fpl$fretinf                            0x000039fe   Section       10  fretinf.o(x$fpl$fretinf)
    x$fpl$fsub                               0x00003a08   Section      234  faddsub_clz.o(x$fpl$fsub)
    _fsub1                                   0x00003a17   Thumb Code     0  faddsub_clz.o(x$fpl$fsub)
    x$fpl$usenofp                            0x00003af2   Section        0  usenofp.o(x$fpl$usenofp)
    .constdata                               0x00003af4   Section       24  main.o(.constdata)
    .constdata                               0x00003b0c   Section     3040  asciilib.o(.constdata)
    AsciiLib                                 0x00003b0c   Data        3040  asciilib.o(.constdata)
    .constdata                               0x000046ec   Section       40  battleship.o(.constdata)
    g_ship_defs                              0x000046ec   Data          40  battleship.o(.constdata)
    .constdata                               0x00004714   Section        4  buttons_open1768.o(.constdata)
    BUTTON_PIN                               0x00004714   Data           4  buttons_open1768.o(.constdata)
    .constdata                               0x00004718   Section      468  uart_lpc17xx.o(.constdata)
    usart_driver_version                     0x00004718   Data           4  uart_lpc17xx.o(.constdata)
    fract_div_lookup_table                   0x0000471c   Data         288  uart_lpc17xx.o(.constdata)
    USART1_pin_tx                            0x0000483c   Data           2  uart_lpc17xx.o(.constdata)
    USART1_pin_rx                            0x0000483e   Data           2  uart_lpc17xx.o(.constdata)
    USART1_DMA_Tx                            0x00004840   Data           8  uart_lpc17xx.o(.constdata)
    USART1_DMA_Rx                            0x00004848   Data           8  uart_lpc17xx.o(.constdata)
    USART1_Resources                         0x00004850   Data         100  uart_lpc17xx.o(.constdata)
    .conststring                             0x000048ec   Section       50  battleship.o(.conststring)
    STACK                                    0x10000000   Section      512  startup_lpc17xx.o(STACK)
    Stack_Mem                                0x10000000   Data         512  startup_lpc17xx.o(STACK)
    __initial_sp                             0x10000200   Data           0  startup_lpc17xx.o(STACK)
    .data                                    0x2007c000   Section       37  main.o(.data)
    USARTdrv                                 0x2007c000   Data           4  main.o(.data)
    state                                    0x2007c009   Data           1  main.o(.data)
    counter                                  0x2007c020   Data           4  main.o(.data)
    i                                        0x2007c024   Data           1  main.o(.data)
    .data                                    0x2007c028   Section        8  gpdma_lpc17xx.o(.data)
    Channel_active                           0x2007c028   Data           4  gpdma_lpc17xx.o(.data)
    Init_cnt                                 0x2007c02c   Data           4  gpdma_lpc17xx.o(.data)
    .data                                    0x2007c030   Section        4  system_lpc17xx.o(.data)
    .bss                                     0x2007c034   Section       52  uart_lpc17xx.o(.bss)
    USART1_Info                              0x2007c034   Data          52  uart_lpc17xx.o(.bss)
    .bss                                     0x2007c068   Section      160  gpdma_lpc17xx.o(.bss)
    Channel_info                             0x2007c068   Data         160  gpdma_lpc17xx.o(.bss)
    .bss                                     0x2007c108   Section       96  libspace.o(.bss)
    HEAP                                     0x2007c168   Section        0  startup_lpc17xx.o(HEAP)
    Heap_Mem                                 0x2007c168   Data           0  startup_lpc17xx.o(HEAP)

    Global Symbols

    Symbol Name                              Value     Ov Type        Size  Object(Section)

    BuildAttributes$$THM_ISAv4$P$D$K$B$S$PE$A:L22UL41UL21$X:L11$S22US41US21$IEEE1$IW$USESV6$~STKCKD$USESV7$~SHL$OSPACE$ROPI$EBA8$UX$STANDARDLIB$REQ8$PRES8$EABIv2 0x00000000   Number         0  anon$$obj.o ABSOLUTE
    __ARM_use_no_argv                        0x00000000   Number         0  main.o ABSOLUTE
    __Vectors                                0x00000000   Data           4  startup_lpc17xx.o(RESET)
    __ARM_exceptions_init                     - Undefined Weak Reference
    __alloca_initialize                       - Undefined Weak Reference
    __arm_preinit_                            - Undefined Weak Reference
    __cpp_initialize__aeabi_                  - Undefined Weak Reference
    __cxa_finalize                            - Undefined Weak Reference
    __rt_locale                               - Undefined Weak Reference
    __sigvec_lookup                           - Undefined Weak Reference
    _atexit_init                              - Undefined Weak Reference
    _call_atexit_fns                          - Undefined Weak Reference
    _clock_init                               - Undefined Weak Reference
    _fp_trap_init                             - Undefined Weak Reference
    _fp_trap_shutdown                         - Undefined Weak Reference
    _get_lc_collate                           - Undefined Weak Reference
    _get_lc_ctype                             - Undefined Weak Reference
    _get_lc_monetary                          - Undefined Weak Reference
    _get_lc_numeric                           - Undefined Weak Reference
    _get_lc_time                              - Undefined Weak Reference
    _getenv_init                              - Undefined Weak Reference
    _handle_redirection                       - Undefined Weak Reference
    _init_alloc                               - Undefined Weak Reference
    _init_user_alloc                          - Undefined Weak Reference
    _initio                                   - Undefined Weak Reference
    _printf_post_padding                      - Undefined Weak Reference
    _printf_pre_padding                       - Undefined Weak Reference
    _printf_truncate_signed                   - Undefined Weak Reference
    _printf_truncate_unsigned                 - Undefined Weak Reference
    _rand_init                                - Undefined Weak Reference
    _signal_finish                            - Undefined Weak Reference
    _signal_init                              - Undefined Weak Reference
    _terminate_alloc                          - Undefined Weak Reference
    _terminate_user_alloc                     - Undefined Weak Reference
    _terminateio                              - Undefined Weak Reference
    __main                                   0x000000cd   Thumb Code     8  __main.o(!!!main)
    __scatterload                            0x000000d5   Thumb Code     0  __scatter.o(!!!scatter)
    __scatterload_rt2                        0x000000d5   Thumb Code    44  __scatter.o(!!!scatter)
    __scatterload_rt2_thumb_only             0x000000d5   Thumb Code     0  __scatter.o(!!!scatter)
    __scatterload_null                       0x000000e3   Thumb Code     0  __scatter.o(!!!scatter)
    __scatterload_copy                       0x00000109   Thumb Code    26  __scatter_copy.o(!!handler_copy)
    __scatterload_zeroinit                   0x00000125   Thumb Code    28  __scatter_zi.o(!!handler_zi)
    _printf_d                                0x00000141   Thumb Code     0  _printf_d.o(.ARM.Collect$$_printf_percent$$00000009)
    _printf_percent                          0x00000141   Thumb Code     0  _printf_percent.o(.ARM.Collect$$_printf_percent$$00000000)
    _printf_percent_end                      0x00000147   Thumb Code     0  _printf_percent_end.o(.ARM.Collect$$_printf_percent$$00000017)
    __rt_lib_init                            0x0000014b   Thumb Code     0  libinit.o(.ARM.Collect$$libinit$$00000000)
    __rt_lib_init_alloca_1                   0x0000014d   Thumb Code     0  libinit2.o(.ARM.Collect$$libinit$$0000002E)
    __rt_lib_init_argv_1                     0x0000014d   Thumb Code     0  libinit2.o(.ARM.Collect$$libinit$$0000002C)
    __rt_lib_init_atexit_1                   0x0000014d   Thumb Code     0  libinit2.o(.ARM.Collect$$libinit$$0000001B)
    __rt_lib_init_clock_1                    0x0000014d   Thumb Code     0  libinit2.o(.ARM.Collect$$libinit$$00000021)
    __rt_lib_init_cpp_1                      0x0000014d   Thumb Code     0  libinit2.o(.ARM.Collect$$libinit$$00000032)
    __rt_lib_init_exceptions_1               0x0000014d   Thumb Code     0  libinit2.o(.ARM.Collect$$libinit$$00000030)
    __rt_lib_init_fp_1                       0x0000014d   Thumb Code     0  libinit2.o(.ARM.Collect$$libinit$$00000002)
    __rt_lib_init_fp_trap_1                  0x0000014d   Thumb Code     0  libinit2.o(.ARM.Collect$$libinit$$0000001F)
    __rt_lib_init_getenv_1                   0x0000014d   Thumb Code     0  libinit2.o(.ARM.Collect$$libinit$$00000023)
    __rt_lib_init_heap_1                     0x0000014d   Thumb Code     0  libinit2.o(.ARM.Collect$$libinit$$0000000A)
    __rt_lib_init_lc_collate_1               0x0000014d   Thumb Code     0  libinit2.o(.ARM.Collect$$libinit$$00000011)
    __rt_lib_init_lc_ctype_1                 0x0000014d   Thumb Code     0  libinit2.o(.ARM.Collect$$libinit$$00000013)
    __rt_lib_init_lc_monetary_1              0x0000014d   Thumb Code     0  libinit2.o(.ARM.Collect$$libinit$$00000015)
    __rt_lib_init_lc_numeric_1               0x0000014d   Thumb Code     0  libinit2.o(.ARM.Collect$$libinit$$00000017)
    __rt_lib_init_lc_time_1                  0x0000014d   Thumb Code     0  libinit2.o(.ARM.Collect$$libinit$$00000019)
    __rt_lib_init_preinit_1                  0x0000014d   Thumb Code     0  libinit2.o(.ARM.Collect$$libinit$$00000004)
    __rt_lib_init_rand_1                     0x0000014d   Thumb Code     0  libinit2.o(.ARM.Collect$$libinit$$0000000E)
    __rt_lib_init_return                     0x0000014d   Thumb Code     0  libinit2.o(.ARM.Collect$$libinit$$00000033)
    __rt_lib_init_signal_1                   0x0000014d   Thumb Code     0  libinit2.o(.ARM.Collect$$libinit$$0000001D)
    __rt_lib_init_stdio_1                    0x0000014d   Thumb Code     0  libinit2.o(.ARM.Collect$$libinit$$00000025)
    __rt_lib_init_user_alloc_1               0x0000014d   Thumb Code     0  libinit2.o(.ARM.Collect$$libinit$$0000000C)
    __rt_lib_shutdown                        0x0000014f   Thumb Code     0  libshutdown.o(.ARM.Collect$$libshutdown$$00000000)
    __rt_lib_shutdown_cpp_1                  0x00000151   Thumb Code     0  libshutdown2.o(.ARM.Collect$$libshutdown$$00000002)
    __rt_lib_shutdown_fp_trap_1              0x00000151   Thumb Code     0  libshutdown2.o(.ARM.Collect$$libshutdown$$00000007)
    __rt_lib_shutdown_heap_1                 0x00000151   Thumb Code     0  libshutdown2.o(.ARM.Collect$$libshutdown$$0000000F)
    __rt_lib_shutdown_return                 0x00000151   Thumb Code     0  libshutdown2.o(.ARM.Collect$$libshutdown$$00000010)
    __rt_lib_shutdown_signal_1               0x00000151   Thumb Code     0  libshutdown2.o(.ARM.Collect$$libshutdown$$0000000A)
    __rt_lib_shutdown_stdio_1                0x00000151   Thumb Code     0  libshutdown2.o(.ARM.Collect$$libshutdown$$00000004)
    __rt_lib_shutdown_user_alloc_1           0x00000151   Thumb Code     0  libshutdown2.o(.ARM.Collect$$libshutdown$$0000000C)
    __rt_entry                               0x00000153   Thumb Code     0  __rtentry.o(.ARM.Collect$$rtentry$$00000000)
    __rt_entry_presh_1                       0x00000153   Thumb Code     0  __rtentry2.o(.ARM.Collect$$rtentry$$00000002)
    __rt_entry_sh                            0x00000153   Thumb Code     0  __rtentry4.o(.ARM.Collect$$rtentry$$00000004)
    __rt_entry_li                            0x00000159   Thumb Code     0  __rtentry2.o(.ARM.Collect$$rtentry$$0000000A)
    __rt_entry_postsh_1                      0x00000159   Thumb Code     0  __rtentry2.o(.ARM.Collect$$rtentry$$00000009)
    __rt_entry_main                          0x0000015d   Thumb Code     0  __rtentry2.o(.ARM.Collect$$rtentry$$0000000D)
    __rt_entry_postli_1                      0x0000015d   Thumb Code     0  __rtentry2.o(.ARM.Collect$$rtentry$$0000000C)
    __rt_exit                                0x00000165   Thumb Code     0  rtexit.o(.ARM.Collect$$rtexit$$00000000)
    __rt_exit_ls                             0x00000167   Thumb Code     0  rtexit2.o(.ARM.Collect$$rtexit$$00000003)
    __rt_exit_prels_1                        0x00000167   Thumb Code     0  rtexit2.o(.ARM.Collect$$rtexit$$00000002)
    __rt_exit_exit                           0x0000016b   Thumb Code     0  rtexit2.o(.ARM.Collect$$rtexit$$00000004)
    Reset_Handler                            0x00000171   Thumb Code     8  startup_lpc17xx.o(.text)
    NMI_Handler                              0x00000179   Thumb Code     2  startup_lpc17xx.o(.text)
    HardFault_Handler                        0x0000017b   Thumb Code     2  startup_lpc17xx.o(.text)
    MemManage_Handler                        0x0000017d   Thumb Code     2  startup_lpc17xx.o(.text)
    BusFault_Handler                         0x0000017f   Thumb Code     2  startup_lpc17xx.o(.text)
    UsageFault_Handler                       0x00000181   Thumb Code     2  startup_lpc17xx.o(.text)
    SVC_Handler                              0x00000183   Thumb Code     2  startup_lpc17xx.o(.text)
    DebugMon_Handler                         0x00000185   Thumb Code     2  startup_lpc17xx.o(.text)
    PendSV_Handler                           0x00000187   Thumb Code     2  startup_lpc17xx.o(.text)
    ADC_IRQHandler                           0x0000018b   Thumb Code     0  startup_lpc17xx.o(.text)
    BOD_IRQHandler                           0x0000018b   Thumb Code     0  startup_lpc17xx.o(.text)
    CANActivity_IRQHandler                   0x0000018b   Thumb Code     0  startup_lpc17xx.o(.text)
    CAN_IRQHandler                           0x0000018b   Thumb Code     0  startup_lpc17xx.o(.text)
    EINT0_IRQHandler                         0x0000018b   Thumb Code     0  startup_lpc17xx.o(.text)
    EINT1_IRQHandler                         0x0000018b   Thumb Code     0  startup_lpc17xx.o(.text)
    EINT2_IRQHandler                         0x0000018b   Thumb Code     0  startup_lpc17xx.o(.text)
    ENET_IRQHandler                          0x0000018b   Thumb Code     0  startup_lpc17xx.o(.text)
    I2C0_IRQHandler                          0x0000018b   Thumb Code     0  startup_lpc17xx.o(.text)
    I2C1_IRQHandler                          0x0000018b   Thumb Code     0  startup_lpc17xx.o(.text)
    I2C2_IRQHandler                          0x0000018b   Thumb Code     0  startup_lpc17xx.o(.text)
    I2S_IRQHandler                           0x0000018b   Thumb Code     0  startup_lpc17xx.o(.text)
    MCPWM_IRQHandler                         0x0000018b   Thumb Code     0  startup_lpc17xx.o(.text)
    PLL0_IRQHandler                          0x0000018b   Thumb Code     0  startup_lpc17xx.o(.text)
    PLL1_IRQHandler                          0x0000018b   Thumb Code     0  startup_lpc17xx.o(.text)
    PWM1_IRQHandler                          0x0000018b   Thumb Code     0  startup_lpc17xx.o(.text)
    QEI_IRQHandler                           0x0000018b   Thumb Code     0  startup_lpc17xx.o(.text)
    RIT_IRQHandler                           0x0000018b   Thumb Code     0  startup_lpc17xx.o(.text)
    RTC_IRQHandler                           0x0000018b   Thumb Code     0  startup_lpc17xx.o(.text)
    SPI_IRQHandler                           0x0000018b   Thumb Code     0  startup_lpc17xx.o(.text)
    SSP0_IRQHandler                          0x0000018b   Thumb Code     0  startup_lpc17xx.o(.text)
    SSP1_IRQHandler                          0x0000018b   Thumb Code     0  startup_lpc17xx.o(.text)
    TIMER0_IRQHandler                        0x0000018b   Thumb Code     0  startup_lpc17xx.o(.text)
    TIMER1_IRQHandler                        0x0000018b   Thumb Code     0  startup_lpc17xx.o(.text)
    TIMER2_IRQHandler                        0x0000018b   Thumb Code     0  startup_lpc17xx.o(.text)
    TIMER3_IRQHandler                        0x0000018b   Thumb Code     0  startup_lpc17xx.o(.text)
    UART0_IRQHandler                         0x0000018b   Thumb Code     0  startup_lpc17xx.o(.text)
    UART2_IRQHandler                         0x0000018b   Thumb Code     0  startup_lpc17xx.o(.text)
    UART3_IRQHandler                         0x0000018b   Thumb Code     0  startup_lpc17xx.o(.text)
    USBActivity_IRQHandler                   0x0000018b   Thumb Code     0  startup_lpc17xx.o(.text)
    USB_IRQHandler                           0x0000018b   Thumb Code     0  startup_lpc17xx.o(.text)
    WDT_IRQHandler                           0x0000018b   Thumb Code     0  startup_lpc17xx.o(.text)
    __user_initial_stackheap                 0x0000018d   Thumb Code     0  startup_lpc17xx.o(.text)
    __aeabi_uldivmod                         0x000001ad   Thumb Code     0  lludivv7m.o(.text)
    _ll_udiv                                 0x000001ad   Thumb Code   238  lludivv7m.o(.text)
    __2sprintf                               0x0000029d   Thumb Code    34  noretval__2sprintf.o(.text)
    __use_two_region_memory                  0x000002c5   Thumb Code     2  heapauxi.o(.text)
    __rt_heap_escrow$2region                 0x000002c7   Thumb Code     2  heapauxi.o(.text)
    __rt_heap_expand$2region                 0x000002c9   Thumb Code     2  heapauxi.o(.text)
    _printf_char_common                      0x000002d7   Thumb Code    32  _printf_char_common.o(.text)
    __printf                                 0x00000301   Thumb Code   104  __printf.o(.text)
    _printf_int_dec                          0x00000369   Thumb Code   104  _printf_dec.o(.text)
    __aeabi_memcpy                           0x000003e1   Thumb Code     0  rt_memcpy_v6.o(.text)
    __rt_memcpy                              0x000003e1   Thumb Code   138  rt_memcpy_v6.o(.text)
    _memcpy_lastbytes                        0x00000447   Thumb Code     0  rt_memcpy_v6.o(.text)
    __aeabi_memcpy4                          0x0000046b   Thumb Code     0  rt_memcpy_w.o(.text)
    __aeabi_memcpy8                          0x0000046b   Thumb Code     0  rt_memcpy_w.o(.text)
    __rt_memcpy_w                            0x0000046b   Thumb Code   100  rt_memcpy_w.o(.text)
    _memcpy_lastbytes_aligned                0x000004b3   Thumb Code     0  rt_memcpy_w.o(.text)
    __aeabi_memclr4                          0x000004cf   Thumb Code     0  rt_memclr_w.o(.text)
    __aeabi_memclr8                          0x000004cf   Thumb Code     0  rt_memclr_w.o(.text)
    __rt_memclr_w                            0x000004cf   Thumb Code    78  rt_memclr_w.o(.text)
    _memset_w                                0x000004d3   Thumb Code     0  rt_memclr_w.o(.text)
    _printf_int_common                       0x0000051d   Thumb Code   178  _printf_intcommon.o(.text)
    _sputc                                   0x000005cf   Thumb Code    10  _sputc.o(.text)
    __user_setup_stackheap                   0x000005d9   Thumb Code    74  sys_stackheap_outer.o(.text)
    exit                                     0x00000623   Thumb Code    18  exit.o(.text)
    __user_libspace                          0x00000635   Thumb Code     8  libspace.o(.text)
    __user_perproc_libspace                  0x00000635   Thumb Code     0  libspace.o(.text)
    __user_perthread_libspace                0x00000635   Thumb Code     0  libspace.o(.text)
    _sys_exit                                0x0000063d   Thumb Code     8  sys_exit.o(.text)
    __I$use$semihosting                      0x00000649   Thumb Code     0  use_no_semi.o(.text)
    __use_no_semihosting_swi                 0x00000649   Thumb Code     2  use_no_semi.o(.text)
    __semihosting_library_function           0x0000064b   Thumb Code     0  indicate_semi.o(.text)
    Buttons_GetState                         0x0000064d   Thumb Code    44  buttons_open1768.o(i.Buttons_GetState)
    DMA_IRQHandler                           0x0000069d   Thumb Code   372  gpdma_lpc17xx.o(i.DMA_IRQHandler)
    EINT3_IRQHandler                         0x0000081d   Thumb Code    76  main.o(i.EINT3_IRQHandler)
    GPDMA_ChannelConfigure                   0x00000875   Thumb Code   232  gpdma_lpc17xx.o(i.GPDMA_ChannelConfigure)
    GPDMA_ChannelDisable                     0x00000969   Thumb Code    44  gpdma_lpc17xx.o(i.GPDMA_ChannelDisable)
    GPDMA_ChannelGetCount                    0x00000999   Thumb Code    38  gpdma_lpc17xx.o(i.GPDMA_ChannelGetCount)
    GPDMA_Initialize                         0x000009c9   Thumb Code   146  gpdma_lpc17xx.o(i.GPDMA_Initialize)
    GPDMA_PeripheralSelect                   0x00000a71   Thumb Code    62  gpdma_lpc17xx.o(i.GPDMA_PeripheralSelect)
    GPDMA_Uninitialize                       0x00000ab5   Thumb Code   116  gpdma_lpc17xx.o(i.GPDMA_Uninitialize)
    GPIO_PinRead                             0x00000b35   Thumb Code    28  gpio_lpc17xx.o(i.GPIO_PinRead)
    GetASCIICode                             0x00000b55   Thumb Code    40  asciilib.o(i.GetASCIICode)
    PIN_Configure                            0x00000bc5   Thumb Code   246  pin_lpc17xx.o(i.PIN_Configure)
    SysTick_Handler                          0x00000cf9   Thumb Code    86  main.o(i.SysTick_Handler)
    SystemInit                               0x00000d65   Thumb Code   302  system_lpc17xx.o(i.SystemInit)
    UART1_IRQHandler                         0x00000ea5   Thumb Code    10  uart_lpc17xx.o(i.UART1_IRQHandler)
    USART1_GPDMA_Rx_Event                    0x00000ecd   Thumb Code    14  uart_lpc17xx.o(i.USART1_GPDMA_Rx_Event)
    USART1_GPDMA_Tx_Event                    0x00000ee1   Thumb Code    14  uart_lpc17xx.o(i.USART1_GPDMA_Tx_Event)
    USART_SetBaudrate                        0x000021e1   Thumb Code   302  uart_lpc17xx.o(i.USART_SetBaudrate)
    WriteChar                                0x00002521   Thumb Code   102  display.o(i.WriteChar)
    calib_calculate                          0x000025c1   Thumb Code  1020  calibration.o(i.calib_calculate)
    calib_transform                          0x000029bd   Thumb Code   126  calibration.o(i.calib_transform)
    delay_ms                                 0x00002a3b   Thumb Code    30  lcd_ili9325.o(i.delay_ms)
    draw_gameboard                           0x00002a59   Thumb Code    68  display.o(i.draw_gameboard)
    draw_line                                0x00002a9d   Thumb Code   168  display.o(i.draw_line)
    draw_ship                                0x00002b45   Thumb Code   168  display.o(i.draw_ship)
    fill                                     0x00002bed   Thumb Code    56  main.o(i.fill)
    fill_rectangle                           0x00002c25   Thumb Code    76  display.o(i.fill_rectangle)
    init_ILI9325                             0x00002c71   Thumb Code   468  lcd_ili9325.o(i.init_ILI9325)
    insideTouchArea                          0x00002e45   Thumb Code    32  main.o(i.insideTouchArea)
    lcdConfiguration                         0x00002e65   Thumb Code    36  open1768_lcd.o(i.lcdConfiguration)
    lcdSend                                  0x00002e8d   Thumb Code    40  open1768_lcd.o(i.lcdSend)
    lcdSetCursor                             0x00002eb9   Thumb Code    24  open1768_lcd.o(i.lcdSetCursor)
    lcdWriteData                             0x00002ed1   Thumb Code    50  open1768_lcd.o(i.lcdWriteData)
    lcdWriteIndex                            0x00002f09   Thumb Code    60  open1768_lcd.o(i.lcdWriteIndex)
    lcdWriteReg                              0x00002f49   Thumb Code    20  open1768_lcd.o(i.lcdWriteReg)
    main                                     0x00002f5d   Thumb Code   954  main.o(i.main)
    myUART_Thread                            0x00003381   Thumb Code    18  main.o(i.myUART_Thread)
    player_init                              0x000033b1   Thumb Code     2  battleship.o(i.player_init)
    ship_defs                                0x000033b5   Thumb Code     4  battleship.o(i.ship_defs)
    touchpanelGetXY                          0x00003481   Thumb Code    34  tp_open1768.o(i.touchpanelGetXY)
    touchpanelInit                           0x000034a5   Thumb Code    34  tp_open1768.o(i.touchpanelInit)
    touchpanelReadX                          0x000034f9   Thumb Code    42  tp_open1768.o(i.touchpanelReadX)
    touchpanelReadY                          0x00003529   Thumb Code    42  tp_open1768.o(i.touchpanelReadY)
    wait                                     0x00003595   Thumb Code    18  main.o(i.wait)
    wait_delay                               0x000035ad   Thumb Code    18  open1768_lcd.o(i.wait_delay)
    __aeabi_fadd                             0x000035c1   Thumb Code     0  faddsub_clz.o(x$fpl$fadd)
    _fadd                                    0x000035c1   Thumb Code   196  faddsub_clz.o(x$fpl$fadd)
    __aeabi_fdiv                             0x00003685   Thumb Code     0  fdiv.o(x$fpl$fdiv)
    _fdiv                                    0x00003685   Thumb Code   384  fdiv.o(x$fpl$fdiv)
    __aeabi_f2iz                             0x00003809   Thumb Code     0  ffix.o(x$fpl$ffix)
    _ffix                                    0x00003809   Thumb Code    54  ffix.o(x$fpl$ffix)
    __aeabi_i2f                              0x00003841   Thumb Code     0  fflt_clz.o(x$fpl$fflt)
    _fflt                                    0x00003841   Thumb Code    48  fflt_clz.o(x$fpl$fflt)
    __aeabi_fmul                             0x00003871   Thumb Code     0  fmul.o(x$fpl$fmul)
    _fmul                                    0x00003871   Thumb Code   258  fmul.o(x$fpl$fmul)
    __fpl_fnaninf                            0x00003973   Thumb Code   140  fnaninf.o(x$fpl$fnaninf)
    __fpl_fretinf                            0x000039ff   Thumb Code    10  fretinf.o(x$fpl$fretinf)
    __aeabi_fsub                             0x00003a09   Thumb Code     0  faddsub_clz.o(x$fpl$fsub)
    _fsub                                    0x00003a09   Thumb Code   234  faddsub_clz.o(x$fpl$fsub)
    __I$use$fp                               0x00003af2   Number         0  usenofp.o(x$fpl$usenofp)
    Driver_USART1                            0x000048b4   Data          56  uart_lpc17xx.o(.constdata)
    Region$$Table$$Base                      0x00004920   Number         0  anon$$obj.o(Region$$Table)
    Region$$Table$$Limit                     0x00004950   Number         0  anon$$obj.o(Region$$Table)
    cmd                                      0x2007c004   Data           5  main.o(.data)
    touch_pending                            0x2007c00a   Data           1  main.o(.data)
    msTicks                                  0x2007c00c   Data           4  main.o(.data)
    dir                                      0x2007c010   Data           1  main.o(.data)
    directions                               0x2007c011   Data           4  main.o(.data)
    buttonClicks                             0x2007c018   Data           4  main.o(.data)
    debouncerTimer                           0x2007c01c   Data           4  main.o(.data)
    SystemCoreClock                          0x2007c030   Data           4  system_lpc17xx.o(.data)
    __libspace_start                         0x2007c108   Data          96  libspace.o(.bss)
    __temporary_stack_top$libspace           0x2007c168   Data           0  libspace.o(.bss)



==============================================================================

Memory Map of the image

  Image Entry point : 0x000000cd

  Load Region LR_IROM1 (Base: 0x00000000, Size: 0x00004984, Max: 0x00080000, ABSOLUTE)

    Execution Region ER_IROM1 (Exec base: 0x00000000, Load base: 0x00000000, Size: 0x00004950, Max: 0x00080000, ABSOLUTE)

    Exec Addr    Load Addr    Size         Type   Attr      Idx    E Section Name        Object

    0x00000000   0x00000000   0x000000cc   Data   RO          936    RESET               startup_lpc17xx.o
    0x000000cc   0x000000cc   0x00000008   Code   RO         1022  * !!!main             c_w.l(__main.o)
    0x000000d4   0x000000d4   0x00000034   Code   RO         1225    !!!scatter          c_w.l(__scatter.o)
    0x00000108   0x00000108   0x0000001a   Code   RO         1227    !!handler_copy      c_w.l(__scatter_copy.o)
    0x00000122   0x00000122   0x00000002   PAD
    0x00000124   0x00000124   0x0000001c   Code   RO         1229    !!handler_zi        c_w.l(__scatter_zi.o)
    0x00000140   0x00000140   0x00000000   Code   RO         1013    .ARM.Collect$$_printf_percent$$00000000  c_w.l(_printf_percent.o)
    0x00000140   0x00000140   0x00000006   Code   RO         1012    .ARM.Collect$$_printf_percent$$00000009  c_w.l(_printf_d.o)
    0x00000146   0x00000146   0x00000004   Code   RO         1057    .ARM.Collect$$_printf_percent$$00000017  c_w.l(_printf_percent_end.o)
    0x0000014a   0x0000014a   0x00000002   Code   RO         1095    .ARM.Collect$$libinit$$00000000  c_w.l(libinit.o)
    0x0000014c   0x0000014c   0x00000000   Code   RO         1108    .ARM.Collect$$libinit$$00000002  c_w.l(libinit2.o)
    0x0000014c   0x0000014c   0x00000000   Code   RO         1110    .ARM.Collect$$libinit$$00000004  c_w.l(libinit2.o)
    0x0000014c   0x0000014c   0x00000000   Code   RO         1113    .ARM.Collect$$libinit$$0000000A  c_w.l(libinit2.o)
    0x0000014c   0x0000014c   0x00000000   Code   RO         1115    .ARM.Collect$$libinit$$0000000C  c_w.l(libinit2.o)
    0x0000014c   0x0000014c   0x00000000   Code   RO         1117    .ARM.Collect$$libinit$$0000000E  c_w.l(libinit2.o)
    0x0000014c   0x0000014c   0x00000000   Code   RO         1120    .ARM.Collect$$libinit$$00000011  c_w.l(libinit2.o)
    0x0000014c   0x0000014c   0x00000000   Code   RO         1122    .ARM.Collect$$libinit$$00000013  c_w.l(libinit2.o)
    0x0000014c   0x0000014c   0x00000000   Code   RO         1124    .ARM.Collect$$libinit$$00000015  c_w.l(libinit2.o)
    0x0000014c   0x0000014c   0x00000000   Code   RO         1126    .ARM.Collect$$libinit$$00000017  c_w.l(libinit2.o)
    0x0000014c   0x0000014c   0x00000000   Code   RO         1128    .ARM.Collect$$libinit$$00000019  c_w.l(libinit2.o)
    0x0000014c   0x0000014c   0x00000000   Code   RO         1130    .ARM.Collect$$libinit$$0000001B  c_w.l(libinit2.o)
    0x0000014c   0x0000014c   0x00000000   Code   RO         1132    .ARM.Collect$$libinit$$0000001D  c_w.l(libinit2.o)
    0x0000014c   0x0000014c   0x00000000   Code   RO         1134    .ARM.Collect$$libinit$$0000001F  c_w.l(libinit2.o)
    0x0000014c   0x0000014c   0x00000000   Code   RO         1136    .ARM.Collect$$libinit$$00000021  c_w.l(libinit2.o)
    0x0000014c   0x0000014c   0x00000000   Code   RO         1138    .ARM.Collect$$libinit$$00000023  c_w.l(libinit2.o)
    0x0000014c   0x0000014c   0x00000000   Code   RO         1140    .ARM.Collect$$libinit$$00000025  c_w.l(libinit2.o)
    0x0000014c   0x0000014c   0x00000000   Code   RO         1144    .ARM.Collect$$libinit$$0000002C  c_w.l(libinit2.o)
    0x0000014c   0x0000014c   0x00000000   Code   RO         1146    .ARM.Collect$$libinit$$0000002E  c_w.l(libinit2.o)
    0x0000014c   0x0000014c   0x00000000   Code   RO         1148    .ARM.Collect$$libinit$$00000030  c_w.l(libinit2.o)
    0x0000014c   0x0000014c   0x00000000   Code   RO         1150    .ARM.Collect$$libinit$$00000032  c_w.l(libinit2.o)
    0x0000014c   0x0000014c   0x00000002   Code   RO         1151    .ARM.Collect$$libinit$$00000033  c_w.l(libinit2.o)
    0x0000014e   0x0000014e   0x00000002   Code   RO         1182    .ARM.Collect$$libshutdown$$00000000  c_w.l(libshutdown.o)
    0x00000150   0x00000150   0x00000000   Code   RO         1208    .ARM.Collect$$libshutdown$$00000002  c_w.l(libshutdown2.o)
    0x00000150   0x00000150   0x00000000   Code   RO         1210    .ARM.Collect$$libshutdown$$00000004  c_w.l(libshutdown2.o)
    0x00000150   0x00000150   0x00000000   Code   RO         1213    .ARM.Collect$$libshutdown$$00000007  c_w.l(libshutdown2.o)
    0x00000150   0x00000150   0x00000000   Code   RO         1216    .ARM.Collect$$libshutdown$$0000000A  c_w.l(libshutdown2.o)
    0x00000150   0x00000150   0x00000000   Code   RO         1218    .ARM.Collect$$libshutdown$$0000000C  c_w.l(libshutdown2.o)
    0x00000150   0x00000150   0x00000000   Code   RO         1221    .ARM.Collect$$libshutdown$$0000000F  c_w.l(libshutdown2.o)
    0x00000150   0x00000150   0x00000002   Code   RO         1222    .ARM.Collect$$libshutdown$$00000010  c_w.l(libshutdown2.o)
    0x00000152   0x00000152   0x00000000   Code   RO         1046    .ARM.Collect$$rtentry$$00000000  c_w.l(__rtentry.o)
    0x00000152   0x00000152   0x00000000   Code   RO         1064    .ARM.Collect$$rtentry$$00000002  c_w.l(__rtentry2.o)
    0x00000152   0x00000152   0x00000006   Code   RO         1076    .ARM.Collect$$rtentry$$00000004  c_w.l(__rtentry4.o)
    0x00000158   0x00000158   0x00000000   Code   RO         1066    .ARM.Collect$$rtentry$$00000009  c_w.l(__rtentry2.o)
    0x00000158   0x00000158   0x00000004   Code   RO         1067    .ARM.Collect$$rtentry$$0000000A  c_w.l(__rtentry2.o)
    0x0000015c   0x0000015c   0x00000000   Code   RO         1069    .ARM.Collect$$rtentry$$0000000C  c_w.l(__rtentry2.o)
    0x0000015c   0x0000015c   0x00000008   Code   RO         1070    .ARM.Collect$$rtentry$$0000000D  c_w.l(__rtentry2.o)
    0x00000164   0x00000164   0x00000002   Code   RO         1099    .ARM.Collect$$rtexit$$00000000  c_w.l(rtexit.o)
    0x00000166   0x00000166   0x00000000   Code   RO         1155    .ARM.Collect$$rtexit$$00000002  c_w.l(rtexit2.o)
    0x00000166   0x00000166   0x00000004   Code   RO         1156    .ARM.Collect$$rtexit$$00000003  c_w.l(rtexit2.o)
    0x0000016a   0x0000016a   0x00000006   Code   RO         1157    .ARM.Collect$$rtexit$$00000004  c_w.l(rtexit2.o)
    0x00000170   0x00000170   0x0000003c   Code   RO          938    .text               startup_lpc17xx.o
    0x000001ac   0x000001ac   0x000000ee   Code   RO          982    .text               c_w.l(lludivv7m.o)
    0x0000029a   0x0000029a   0x00000002   PAD
    0x0000029c   0x0000029c   0x00000028   Code   RO          986    .text               c_w.l(noretval__2sprintf.o)
    0x000002c4   0x000002c4   0x00000006   Code   RO         1020    .text               c_w.l(heapauxi.o)
    0x000002ca   0x000002ca   0x00000002   PAD
    0x000002cc   0x000002cc   0x00000030   Code   RO         1053    .text               c_w.l(_printf_char_common.o)
    0x000002fc   0x000002fc   0x00000004   Code   RO          937    .ARM.__at_0x02FC    startup_lpc17xx.o
    0x00000300   0x00000300   0x00000068   Code   RO          988    .text               c_w.l(__printf.o)
    0x00000368   0x00000368   0x00000078   Code   RO          990    .text               c_w.l(_printf_dec.o)
    0x000003e0   0x000003e0   0x0000008a   Code   RO         1014    .text               c_w.l(rt_memcpy_v6.o)
    0x0000046a   0x0000046a   0x00000064   Code   RO         1016    .text               c_w.l(rt_memcpy_w.o)
    0x000004ce   0x000004ce   0x0000004e   Code   RO         1018    .text               c_w.l(rt_memclr_w.o)
    0x0000051c   0x0000051c   0x000000b2   Code   RO         1051    .text               c_w.l(_printf_intcommon.o)
    0x000005ce   0x000005ce   0x0000000a   Code   RO         1055    .text               c_w.l(_sputc.o)
    0x000005d8   0x000005d8   0x0000004a   Code   RO         1082    .text               c_w.l(sys_stackheap_outer.o)
    0x00000622   0x00000622   0x00000012   Code   RO         1084    .text               c_w.l(exit.o)
    0x00000634   0x00000634   0x00000008   Code   RO         1096    .text               c_w.l(libspace.o)
    0x0000063c   0x0000063c   0x0000000c   Code   RO         1152    .text               c_w.l(sys_exit.o)
    0x00000648   0x00000648   0x00000002   Code   RO         1171    .text               c_w.l(use_no_semi.o)
    0x0000064a   0x0000064a   0x00000000   Code   RO         1173    .text               c_w.l(indicate_semi.o)
    0x0000064a   0x0000064a   0x00000002   PAD
    0x0000064c   0x0000064c   0x00000030   Code   RO          481    i.Buttons_GetState  buttons_open1768.o
    0x0000067c   0x0000067c   0x00000020   Code   RO          757    i.Clear_Channel_active_flag  gpdma_lpc17xx.o
    0x0000069c   0x0000069c   0x00000180   Code   RO          758    i.DMA_IRQHandler    gpdma_lpc17xx.o
    0x0000081c   0x0000081c   0x00000058   Code   RO            4    i.EINT3_IRQHandler  main.o
    0x00000874   0x00000874   0x000000f4   Code   RO          759    i.GPDMA_ChannelConfigure  gpdma_lpc17xx.o
    0x00000968   0x00000968   0x00000030   Code   RO          760    i.GPDMA_ChannelDisable  gpdma_lpc17xx.o
    0x00000998   0x00000998   0x00000030   Code   RO          762    i.GPDMA_ChannelGetCount  gpdma_lpc17xx.o
    0x000009c8   0x000009c8   0x000000a8   Code   RO          764    i.GPDMA_Initialize  gpdma_lpc17xx.o
    0x00000a70   0x00000a70   0x00000044   Code   RO          765    i.GPDMA_PeripheralSelect  gpdma_lpc17xx.o
    0x00000ab4   0x00000ab4   0x00000080   Code   RO          766    i.GPDMA_Uninitialize  gpdma_lpc17xx.o
    0x00000b34   0x00000b34   0x00000020   Code   RO          847    i.GPIO_PinRead      gpio_lpc17xx.o
    0x00000b54   0x00000b54   0x0000002c   Code   RO          247    i.GetASCIICode      asciilib.o
    0x00000b80   0x00000b80   0x00000044   Code   RO          530    i.GetUsartClockFreq  uart_lpc17xx.o
    0x00000bc4   0x00000bc4   0x000000fc   Code   RO          901    i.PIN_Configure     pin_lpc17xx.o
    0x00000cc0   0x00000cc0   0x00000038   Code   RO          767    i.Set_Channel_active_flag  gpdma_lpc17xx.o
    0x00000cf8   0x00000cf8   0x0000006c   Code   RO            5    i.SysTick_Handler   main.o
    0x00000d64   0x00000d64   0x00000140   Code   RO          948    i.SystemInit        system_lpc17xx.o
    0x00000ea4   0x00000ea4   0x00000010   Code   RO          531    i.UART1_IRQHandler  uart_lpc17xx.o
    0x00000eb4   0x00000eb4   0x00000018   Code   RO          532    i.USART1_Control    uart_lpc17xx.o
    0x00000ecc   0x00000ecc   0x00000014   Code   RO          533    i.USART1_GPDMA_Rx_Event  uart_lpc17xx.o
    0x00000ee0   0x00000ee0   0x00000014   Code   RO          534    i.USART1_GPDMA_Tx_Event  uart_lpc17xx.o
    0x00000ef4   0x00000ef4   0x00000010   Code   RO          535    i.USART1_GetCapabilities  uart_lpc17xx.o
    0x00000f04   0x00000f04   0x00000010   Code   RO          536    i.USART1_GetModemStatus  uart_lpc17xx.o
    0x00000f14   0x00000f14   0x00000010   Code   RO          537    i.USART1_GetRxCount  uart_lpc17xx.o
    0x00000f24   0x00000f24   0x00000010   Code   RO          538    i.USART1_GetStatus  uart_lpc17xx.o
    0x00000f34   0x00000f34   0x00000010   Code   RO          539    i.USART1_GetTxCount  uart_lpc17xx.o
    0x00000f44   0x00000f44   0x00000014   Code   RO          540    i.USART1_Initialize  uart_lpc17xx.o
    0x00000f58   0x00000f58   0x00000014   Code   RO          541    i.USART1_PowerControl  uart_lpc17xx.o
    0x00000f6c   0x00000f6c   0x00000018   Code   RO          542    i.USART1_Receive    uart_lpc17xx.o
    0x00000f84   0x00000f84   0x00000018   Code   RO          543    i.USART1_Send       uart_lpc17xx.o
    0x00000f9c   0x00000f9c   0x00000014   Code   RO          544    i.USART1_SetModemControl  uart_lpc17xx.o
    0x00000fb0   0x00000fb0   0x0000001c   Code   RO          545    i.USART1_Transfer   uart_lpc17xx.o
    0x00000fcc   0x00000fcc   0x00000010   Code   RO          546    i.USART1_Uninitialize  uart_lpc17xx.o
    0x00000fdc   0x00000fdc   0x00000670   Code   RO          547    i.USART_Control     uart_lpc17xx.o
    0x0000164c   0x0000164c   0x00000086   Code   RO          548    i.USART_GPDMA_Rx_Event  uart_lpc17xx.o
    0x000016d2   0x000016d2   0x0000004a   Code   RO          549    i.USART_GPDMA_Tx_Event  uart_lpc17xx.o
    0x0000171c   0x0000171c   0x00000006   Code   RO          550    i.USART_GetCapabilities  uart_lpc17xx.o
    0x00001722   0x00001722   0x000000ec   Code   RO          551    i.USART_GetModemStatus  uart_lpc17xx.o
    0x0000180e   0x0000180e   0x0000001c   Code   RO          552    i.USART_GetRxCount  uart_lpc17xx.o
    0x0000182a   0x0000182a   0x000000bc   Code   RO          553    i.USART_GetStatus   uart_lpc17xx.o
    0x000018e6   0x000018e6   0x0000001c   Code   RO          554    i.USART_GetTxCount  uart_lpc17xx.o
    0x00001902   0x00001902   0x00000270   Code   RO          555    i.USART_IRQHandler  uart_lpc17xx.o
    0x00001b72   0x00001b72   0x000000fe   Code   RO          556    i.USART_Initialize  uart_lpc17xx.o
    0x00001c70   0x00001c70   0x0000025c   Code   RO          557    i.USART_PowerControl  uart_lpc17xx.o
    0x00001ecc   0x00001ecc   0x00000110   Code   RO          558    i.USART_Receive     uart_lpc17xx.o
    0x00001fdc   0x00001fdc   0x00000068   Code   RO          559    i.USART_RxLineIntHandler  uart_lpc17xx.o
    0x00002044   0x00002044   0x0000019c   Code   RO          560    i.USART_Send        uart_lpc17xx.o
    0x000021e0   0x000021e0   0x00000134   Code   RO          561    i.USART_SetBaudrate  uart_lpc17xx.o
    0x00002314   0x00002314   0x000000a0   Code   RO          562    i.USART_SetModemControl  uart_lpc17xx.o
    0x000023b4   0x000023b4   0x0000007a   Code   RO          563    i.USART_Transfer    uart_lpc17xx.o
    0x0000242e   0x0000242e   0x000000e2   Code   RO          564    i.USART_Uninitialize  uart_lpc17xx.o
    0x00002510   0x00002510   0x00000010   Code   RO          565    i.USARTx_GetVersion  uart_lpc17xx.o
    0x00002520   0x00002520   0x00000066   Code   RO          153    i.WriteChar         display.o
    0x00002586   0x00002586   0x00000002   PAD
    0x00002588   0x00002588   0x0000001c   Code   RO          566    i.__NVIC_ClearPendingIRQ  uart_lpc17xx.o
    0x000025a4   0x000025a4   0x0000001c   Code   RO          768    i.__NVIC_ClearPendingIRQ  gpdma_lpc17xx.o
    0x000025c0   0x000025c0   0x000003fc   Code   RO          427    i.calib_calculate   calibration.o
    0x000029bc   0x000029bc   0x0000007e   Code   RO          428    i.calib_transform   calibration.o
    0x00002a3a   0x00002a3a   0x0000001e   Code   RO          214    i.delay_ms          lcd_ili9325.o
    0x00002a58   0x00002a58   0x00000044   Code   RO          154    i.draw_gameboard    display.o
    0x00002a9c   0x00002a9c   0x000000a8   Code   RO          155    i.draw_line         display.o
    0x00002b44   0x00002b44   0x000000a8   Code   RO          156    i.draw_ship         display.o
    0x00002bec   0x00002bec   0x00000038   Code   RO            7    i.fill              main.o
    0x00002c24   0x00002c24   0x0000004c   Code   RO          157    i.fill_rectangle    display.o
    0x00002c70   0x00002c70   0x000001d4   Code   RO          215    i.init_ILI9325      lcd_ili9325.o
    0x00002e44   0x00002e44   0x00000020   Code   RO            8    i.insideTouchArea   main.o
    0x00002e64   0x00002e64   0x00000028   Code   RO          267    i.lcdConfiguration  open1768_lcd.o
    0x00002e8c   0x00002e8c   0x0000002c   Code   RO          271    i.lcdSend           open1768_lcd.o
    0x00002eb8   0x00002eb8   0x00000018   Code   RO          272    i.lcdSetCursor      open1768_lcd.o
    0x00002ed0   0x00002ed0   0x00000038   Code   RO          273    i.lcdWriteData      open1768_lcd.o
    0x00002f08   0x00002f08   0x00000040   Code   RO          274    i.lcdWriteIndex     open1768_lcd.o
    0x00002f48   0x00002f48   0x00000014   Code   RO          275    i.lcdWriteReg       open1768_lcd.o
    0x00002f5c   0x00002f5c   0x00000424   Code   RO            9    i.main              main.o
    0x00003380   0x00003380   0x00000030   Code   RO           10    i.myUART_Thread     main.o
    0x000033b0   0x000033b0   0x00000002   Code   RO          453    i.player_init       battleship.o
    0x000033b2   0x000033b2   0x00000002   PAD
    0x000033b4   0x000033b4   0x00000008   Code   RO          454    i.ship_defs         battleship.o
    0x000033bc   0x000033bc   0x0000002a   Code   RO          350    i.touchpanelDelayUS  tp_open1768.o
    0x000033e6   0x000033e6   0x00000002   PAD
    0x000033e8   0x000033e8   0x00000098   Code   RO          351    i.touchpanelDriverDataBusInit  tp_open1768.o
    0x00003480   0x00003480   0x00000022   Code   RO          352    i.touchpanelGetXY   tp_open1768.o
    0x000034a2   0x000034a2   0x00000002   PAD
    0x000034a4   0x000034a4   0x00000028   Code   RO          353    i.touchpanelInit    tp_open1768.o
    0x000034cc   0x000034cc   0x0000002c   Code   RO          354    i.touchpanelReadAddress  tp_open1768.o
    0x000034f8   0x000034f8   0x00000030   Code   RO          355    i.touchpanelReadX   tp_open1768.o
    0x00003528   0x00003528   0x00000030   Code   RO          356    i.touchpanelReadY   tp_open1768.o
    0x00003558   0x00003558   0x0000003c   Code   RO          357    i.touchpanelWriteCmd  tp_open1768.o
    0x00003594   0x00003594   0x00000018   Code   RO           11    i.wait              main.o
    0x000035ac   0x000035ac   0x00000012   Code   RO          333    i.wait_delay        open1768_lcd.o
    0x000035be   0x000035be   0x00000002   PAD
    0x000035c0   0x000035c0   0x000000c4   Code   RO         1024    x$fpl$fadd          fz_ws.l(faddsub_clz.o)
    0x00003684   0x00003684   0x00000184   Code   RO         1031    x$fpl$fdiv          fz_ws.l(fdiv.o)
    0x00003808   0x00003808   0x00000036   Code   RO         1034    x$fpl$ffix          fz_ws.l(ffix.o)
    0x0000383e   0x0000383e   0x00000002   PAD
    0x00003840   0x00003840   0x00000030   Code   RO         1039    x$fpl$fflt          fz_ws.l(fflt_clz.o)
    0x00003870   0x00003870   0x00000102   Code   RO         1044    x$fpl$fmul          fz_ws.l(fmul.o)
    0x00003972   0x00003972   0x0000008c   Code   RO         1058    x$fpl$fnaninf       fz_ws.l(fnaninf.o)
    0x000039fe   0x000039fe   0x0000000a   Code   RO         1060    x$fpl$fretinf       fz_ws.l(fretinf.o)
    0x00003a08   0x00003a08   0x000000ea   Code   RO         1026    x$fpl$fsub          fz_ws.l(faddsub_clz.o)
    0x00003af2   0x00003af2   0x00000000   Code   RO         1062    x$fpl$usenofp       fz_ws.l(usenofp.o)
    0x00003af2   0x00003af2   0x00000002   PAD
    0x00003af4   0x00003af4   0x00000018   Data   RO           12    .constdata          main.o
    0x00003b0c   0x00003b0c   0x00000be0   Data   RO          248    .constdata          asciilib.o
    0x000046ec   0x000046ec   0x00000028   Data   RO          455    .constdata          battleship.o
    0x00004714   0x00004714   0x00000004   Data   RO          484    .constdata          buttons_open1768.o
    0x00004718   0x00004718   0x000001d4   Data   RO          568    .constdata          uart_lpc17xx.o
    0x000048ec   0x000048ec   0x00000032   Data   RO          456    .conststring        battleship.o
    0x0000491e   0x0000491e   0x00000002   PAD
    0x00004920   0x00004920   0x00000030   Data   RO         1223    Region$$Table       anon$$obj.o


    Execution Region RW_IRAM1 (Exec base: 0x10000000, Load base: 0x00004950, Size: 0x00000200, Max: 0x00008000, ABSOLUTE)

    Exec Addr    Load Addr    Size         Type   Attr      Idx    E Section Name        Object

    0x10000000        -       0x00000200   Zero   RW          934    STACK               startup_lpc17xx.o


    Execution Region RW_IRAM2 (Exec base: 0x2007c000, Load base: 0x00004950, Size: 0x00000168, Max: 0x00008000, ABSOLUTE)

    Exec Addr    Load Addr    Size         Type   Attr      Idx    E Section Name        Object

    0x2007c000   0x00004950   0x00000025   Data   RW           13    .data               main.o
    0x2007c025   0x00004975   0x00000003   PAD
    0x2007c028   0x00004978   0x00000008   Data   RW          770    .data               gpdma_lpc17xx.o
    0x2007c030   0x00004980   0x00000004   Data   RW          949    .data               system_lpc17xx.o
    0x2007c034        -       0x00000034   Zero   RW          567    .bss                uart_lpc17xx.o
    0x2007c068        -       0x000000a0   Zero   RW          769    .bss                gpdma_lpc17xx.o
    0x2007c108        -       0x00000060   Zero   RW         1097    .bss                c_w.l(libspace.o)
    0x2007c168        -       0x00000000   Zero   RW          935    HEAP                startup_lpc17xx.o


==============================================================================

Image component sizes


      Code (inc. data)   RO Data    RW Data    ZI Data      Debug   Object Name

        44          4       3040          0          0       1279   asciilib.o
        10          4         90          0          0       2798   battleship.o
        48          4          4          0          0       2443   buttons_open1768.o
      1146          0          0          0          0       2476   calibration.o
       582          0          0          0          0       4178   display.o
      1204         94          0          8        160       8206   gpdma_lpc17xx.o
        32          4          0          0          0        595   gpio_lpc17xx.o
       498          0          0          0          0       1174   lcd_ili9325.o
      1416        188         24         37          0      63410   main.o
       266         18          0          0          0       3930   open1768_lcd.o
       252          6          0          0          0        804   pin_lpc17xx.o
        64         26        204          0        512        992   startup_lpc17xx.o
       320         18          0          4          0        799   system_lpc17xx.o
       468         34          0          0          0       4986   tp_open1768.o
      5852        150        468          0         52      63466   uart_lpc17xx.o

    ----------------------------------------------------------------------
     12212        550       3880         52        724     161536   Object Totals
         0          0         48          0          0          0   (incl. Generated)
        10          0          2          3          0          0   (incl. Padding)

    ----------------------------------------------------------------------

      Code (inc. data)   RO Data    RW Data    ZI Data      Debug   Library Member Name

         8          0          0          0          0         68   __main.o
       104          0          0          0          0         84   __printf.o
         0          0          0          0          0          0   __rtentry.o
        12          0          0          0          0          0   __rtentry2.o
         6          0          0          0          0          0   __rtentry4.o
        52          8          0          0          0          0   __scatter.o
        26          0          0          0          0          0   __scatter_copy.o
        28          0          0          0          0          0   __scatter_zi.o
        48          6          0          0          0         96   _printf_char_common.o
         6          0          0          0          0          0   _printf_d.o
       120         16          0          0          0         92   _printf_dec.o
       178          0          0          0          0         88   _printf_intcommon.o
         0          0          0          0          0          0   _printf_percent.o
         4          0          0          0          0          0   _printf_percent_end.o
        10          0          0          0          0         68   _sputc.o
        18          0          0          0          0         80   exit.o
         6          0          0          0          0        152   heapauxi.o
         0          0          0          0          0          0   indicate_semi.o
         2          0          0          0          0          0   libinit.o
         2          0          0          0          0          0   libinit2.o
         2          0          0          0          0          0   libshutdown.o
         2          0          0          0          0          0   libshutdown2.o
         8          4          0          0         96         68   libspace.o
       238          0          0          0          0        100   lludivv7m.o
        40          6          0          0          0         84   noretval__2sprintf.o
        78          0          0          0          0         80   rt_memclr_w.o
       138          0          0          0          0         68   rt_memcpy_v6.o
       100          0          0          0          0         80   rt_memcpy_w.o
         2          0          0          0          0          0   rtexit.o
        10          0          0          0          0          0   rtexit2.o
        12          4          0          0          0         68   sys_exit.o
        74          0          0          0          0         80   sys_stackheap_outer.o
         2          0          0          0          0         68   use_no_semi.o
       430          8          0          0          0        168   faddsub_clz.o
       388         76          0          0          0         96   fdiv.o
        54          4          0          0          0         84   ffix.o
        48          0          0          0          0         68   fflt_clz.o
       258          4          0          0          0         84   fmul.o
       140          4          0          0          0         84   fnaninf.o
        10          0          0          0          0         68   fretinf.o
         0          0          0          0          0          0   usenofp.o

    ----------------------------------------------------------------------
      2676        140          0          0         96       2076   Library Totals
        12          0          0          0          0          0   (incl. Padding)

    ----------------------------------------------------------------------

      Code (inc. data)   RO Data    RW Data    ZI Data      Debug   Library Name

      1336         44          0          0         96       1424   c_w.l
      1328         96          0          0          0        652   fz_ws.l

    ----------------------------------------------------------------------
      2676        140          0          0         96       2076   Library Totals

    ----------------------------------------------------------------------

==============================================================================


      Code (inc. data)   RO Data    RW Data    ZI Data      Debug   

     14888        690       3880         52        820     158304   Grand Totals
     14888        690       3880         52        820     158304   ELF Image Totals
     14888        690       3880         52          0          0   ROM Totals

==============================================================================

    Total RO  Size (Code + RO Data)                18768 (  18.33kB)
    Total RW  Size (RW Data + ZI Data)               872 (   0.85kB)
    Total ROM Size (Code + RO Data + RW Data)      18820 (  18.38kB)

==============================================================================

